Number of components =            1
Number of bodies =            1
Number of particles =         4000
Number of material sets  =            1
DTScale =      0.100
MUSL method is used 
Material:
1 hiex 1.63d-3 6930
the effective number of material           1
Grid mass CutOff value:   0.2037E-11
 
Number of grid      8084
cells (x,y,z) 2020   1   1
 
     --- body  1 ---
                    mass:  0.1019E-03
          kinetic energy:  0.0000E+00
         internal energy:  0.4370E+03
       --- total ---
              total mass:  0.1019E-03
    total kinetic energy:  0.0000E+00
   total internal energy:  0.4370E+03
 
DT =  0.722E-06
 Step=     1  T= 7.215E-07  K.E.= 0.000E+00  T.E.= 4.371E+02
              Mx= 0.000E+00   My= 0.000E+00   Mz= 0.000E+00
 Step=   139  T= 1.003E-04  K.E.= 1.737E-01  T.E.= 4.371E+02
              Mx= 0.327E-03   My= 0.000E+00   Mz= 0.000E+00
 Step=   278  T= 2.006E-04  K.E.= 3.969E-01  T.E.= 4.370E+02
              Mx= 0.674E-03   My= 0.000E+00   Mz= 0.000E+00
 Step=   416  T= 3.001E-04  K.E.= 6.226E-01  T.E.= 4.370E+02
              Mx= 0.102E-02   My= 0.000E+00   Mz= 0.000E+00
 Step=   555  T= 4.004E-04  K.E.= 8.217E-01  T.E.= 4.369E+02
              Mx= 0.137E-02   My= 0.000E+00   Mz= 0.000E+00
 Step=   693  T= 5.000E-04  K.E.= 1.049E+00  T.E.= 4.369E+02
              Mx= 0.171E-02   My= 0.000E+00   Mz= 0.000E+00
 Step=   832  T= 6.003E-04  K.E.= 1.262E+00  T.E.= 4.368E+02
              Mx= 0.205E-02   My= 0.000E+00   Mz= 0.000E+00
 Step=   971  T= 7.006E-04  K.E.= 1.514E+00  T.E.= 4.367E+02
              Mx= 0.239E-02   My= 0.000E+00   Mz= 0.000E+00
 Step=  1109  T= 8.001E-04  K.E.= 1.717E+00  T.E.= 4.366E+02
              Mx= 0.272E-02   My= 0.000E+00   Mz= 0.000E+00
 Step=  1248  T= 9.004E-04  K.E.= 1.952E+00  T.E.= 4.365E+02
              Mx= 0.305E-02   My= 0.000E+00   Mz= 0.000E+00
 Step=  1386  T= 1.000E-03  K.E.= 2.179E+00  T.E.= 4.364E+02
              Mx= 0.339E-02   My= 0.000E+00   Mz= 0.000E+00
 Write output data
 Step=  1525  T= 1.100E-03  K.E.= 2.424E+00  T.E.= 4.362E+02
              Mx= 0.371E-02   My= 0.000E+00   Mz= 0.000E+00
 Step=  1664  T= 1.201E-03  K.E.= 2.669E+00  T.E.= 4.361E+02
              Mx= 0.404E-02   My= 0.000E+00   Mz= 0.000E+00
 Step=  1802  T= 1.300E-03  K.E.= 2.869E+00  T.E.= 4.359E+02
              Mx= 0.436E-02   My= 0.000E+00   Mz= 0.000E+00
 Step=  1941  T= 1.400E-03  K.E.= 3.122E+00  T.E.= 4.357E+02
              Mx= 0.469E-02   My= 0.000E+00   Mz= 0.000E+00
 Step=  2079  T= 1.500E-03  K.E.= 3.298E+00  T.E.= 4.355E+02
              Mx= 0.501E-02   My= 0.000E+00   Mz= 0.000E+00
 Step=  2218  T= 1.600E-03  K.E.= 3.520E+00  T.E.= 4.353E+02
              Mx= 0.533E-02   My= 0.000E+00   Mz= 0.000E+00
 Step=  2357  T= 1.701E-03  K.E.= 3.757E+00  T.E.= 4.351E+02
              Mx= 0.564E-02   My= 0.000E+00   Mz= 0.000E+00
 Step=  2495  T= 1.800E-03  K.E.= 3.996E+00  T.E.= 4.349E+02
              Mx= 0.596E-02   My= 0.000E+00   Mz= 0.000E+00
 Step=  2634  T= 1.900E-03  K.E.= 4.205E+00  T.E.= 4.347E+02
              Mx= 0.627E-02   My= 0.000E+00   Mz= 0.000E+00
 Step=  2772  T= 2.000E-03  K.E.= 4.499E+00  T.E.= 4.344E+02
              Mx= 0.658E-02   My= 0.000E+00   Mz= 0.000E+00
 Write output data
 Step=  2911  T= 2.100E-03  K.E.= 4.692E+00  T.E.= 4.342E+02
              Mx= 0.689E-02   My= 0.000E+00   Mz= 0.000E+00
 Step=  3050  T= 2.201E-03  K.E.= 4.955E+00  T.E.= 4.339E+02
              Mx= 0.720E-02   My= 0.000E+00   Mz= 0.000E+00
 Step=  3188  T= 2.300E-03  K.E.= 5.199E+00  T.E.= 4.337E+02
              Mx= 0.751E-02   My= 0.000E+00   Mz= 0.000E+00
 Step=  3327  T= 2.400E-03  K.E.= 5.486E+00  T.E.= 4.334E+02
              Mx= 0.782E-02   My= 0.000E+00   Mz= 0.000E+00
 Step=  3465  T= 2.500E-03  K.E.= 5.728E+00  T.E.= 4.331E+02
              Mx= 0.813E-02   My= 0.000E+00   Mz= 0.000E+00
 Step=  3604  T= 2.600E-03  K.E.= 5.881E+00  T.E.= 4.328E+02
              Mx= 0.844E-02   My= 0.000E+00   Mz= 0.000E+00
 Step=  3743  T= 2.701E-03  K.E.= 6.171E+00  T.E.= 4.325E+02
              Mx= 0.875E-02   My= 0.000E+00   Mz= 0.000E+00
 Step=  3881  T= 2.800E-03  K.E.= 6.479E+00  T.E.= 4.321E+02
              Mx= 0.906E-02   My= 0.000E+00   Mz= 0.000E+00
 Step=  4020  T= 2.900E-03  K.E.= 6.734E+00  T.E.= 4.318E+02
              Mx= 0.936E-02   My= 0.000E+00   Mz= 0.000E+00
 Write output data
 Step=  4158  T= 3.000E-03  K.E.= 7.082E+00  T.E.= 4.315E+02
              Mx= 0.967E-02   My= 0.000E+00   Mz= 0.000E+00
 Step=  4297  T= 3.100E-03  K.E.= 7.128E+00  T.E.= 4.311E+02
              Mx= 0.999E-02   My= 0.000E+00   Mz= 0.000E+00
 Step=  4436  T= 3.201E-03  K.E.= 7.547E+00  T.E.= 4.308E+02
              Mx= 0.103E-01   My= 0.000E+00   Mz= 0.000E+00
 Step=  4574  T= 3.300E-03  K.E.= 7.868E+00  T.E.= 4.304E+02
              Mx= 0.106E-01   My= 0.000E+00   Mz= 0.000E+00
 Step=  4713  T= 3.400E-03  K.E.= 8.182E+00  T.E.= 4.300E+02
              Mx= 0.109E-01   My= 0.000E+00   Mz= 0.000E+00
 Step=  4852  T= 3.501E-03  K.E.= 8.421E+00  T.E.= 4.296E+02
              Mx= 0.112E-01   My= 0.000E+00   Mz= 0.000E+00
 Step=  4990  T= 3.600E-03  K.E.= 8.597E+00  T.E.= 4.291E+02
              Mx= 0.115E-01   My= 0.000E+00   Mz= 0.000E+00
 Step=  5129  T= 3.701E-03  K.E.= 8.689E+00  T.E.= 4.287E+02
              Mx= 0.118E-01   My= 0.000E+00   Mz= 0.000E+00
 Step=  5267  T= 3.800E-03  K.E.= 8.895E+00  T.E.= 4.282E+02
              Mx= 0.121E-01   My= 0.000E+00   Mz= 0.000E+00
 Step=  5406  T= 3.900E-03  K.E.= 9.187E+00  T.E.= 4.278E+02
              Mx= 0.124E-01   My= 0.000E+00   Mz= 0.000E+00
 Write output data
 Step=  5545  T= 4.001E-03  K.E.= 9.648E+00  T.E.= 4.273E+02
              Mx= 0.127E-01   My= 0.000E+00   Mz= 0.000E+00
 Step=  5683  T= 4.100E-03  K.E.= 9.735E+00  T.E.= 4.268E+02
              Mx= 0.129E-01   My= 0.000E+00   Mz= 0.000E+00
 Step=  5822  T= 4.201E-03  K.E.= 9.823E+00  T.E.= 4.263E+02
              Mx= 0.132E-01   My= 0.000E+00   Mz= 0.000E+00
 Step=  5960  T= 4.300E-03  K.E.= 1.007E+01  T.E.= 4.259E+02
              Mx= 0.135E-01   My= 0.000E+00   Mz= 0.000E+00
 Step=  6099  T= 4.400E-03  K.E.= 1.047E+01  T.E.= 4.254E+02
              Mx= 0.138E-01   My= 0.000E+00   Mz= 0.000E+00
 Step=  6237  T= 4.500E-03  K.E.= 1.066E+01  T.E.= 4.249E+02
              Mx= 0.140E-01   My= 0.000E+00   Mz= 0.000E+00
 Step=  6376  T= 4.600E-03  K.E.= 1.117E+01  T.E.= 4.244E+02
              Mx= 0.142E-01   My= 0.000E+00   Mz= 0.000E+00
 Step=  6515  T= 4.701E-03  K.E.= 1.126E+01  T.E.= 4.239E+02
              Mx= 0.145E-01   My= 0.000E+00   Mz= 0.000E+00
 Step=  6653  T= 4.800E-03  K.E.= 1.137E+01  T.E.= 4.233E+02
              Mx= 0.148E-01   My= 0.000E+00   Mz= 0.000E+00
 Step=  6792  T= 4.900E-03  K.E.= 1.178E+01  T.E.= 4.228E+02
              Mx= 0.151E-01   My= 0.000E+00   Mz= 0.000E+00
 Step=  6930  T= 5.000E-03  K.E.= 1.201E+01  T.E.= 4.222E+02
              Mx= 0.153E-01   My= 0.000E+00   Mz= 0.000E+00
 Write output data
 Step=  7069  T= 5.100E-03  K.E.= 1.226E+01  T.E.= 4.217E+02
              Mx= 0.156E-01   My= 0.000E+00   Mz= 0.000E+00
 Step=  7208  T= 5.201E-03  K.E.= 1.255E+01  T.E.= 4.211E+02
              Mx= 0.159E-01   My= 0.000E+00   Mz= 0.000E+00
 Step=  7346  T= 5.300E-03  K.E.= 1.302E+01  T.E.= 4.206E+02
              Mx= 0.161E-01   My= 0.000E+00   Mz= 0.000E+00
 Step=  7485  T= 5.400E-03  K.E.= 1.324E+01  T.E.= 4.200E+02
              Mx= 0.164E-01   My= 0.000E+00   Mz= 0.000E+00
 Step=  7623  T= 5.500E-03  K.E.= 1.365E+01  T.E.= 4.194E+02
              Mx= 0.166E-01   My= 0.000E+00   Mz= 0.000E+00
 Step=  7762  T= 5.600E-03  K.E.= 1.382E+01  T.E.= 4.188E+02
              Mx= 0.169E-01   My= 0.000E+00   Mz= 0.000E+00
 Step=  7901  T= 5.701E-03  K.E.= 1.429E+01  T.E.= 4.182E+02
              Mx= 0.172E-01   My= 0.000E+00   Mz= 0.000E+00
 Step=  8039  T= 5.800E-03  K.E.= 1.440E+01  T.E.= 4.176E+02
              Mx= 0.174E-01   My= 0.000E+00   Mz= 0.000E+00
 Step=  8178  T= 5.900E-03  K.E.= 1.472E+01  T.E.= 4.170E+02
              Mx= 0.177E-01   My= 0.000E+00   Mz= 0.000E+00
 Step=  8316  T= 6.000E-03  K.E.= 1.541E+01  T.E.= 4.164E+02
              Mx= 0.179E-01   My= 0.000E+00   Mz= 0.000E+00
 Write output data
 Step=  8455  T= 6.100E-03  K.E.= 1.567E+01  T.E.= 4.158E+02
              Mx= 0.182E-01   My= 0.000E+00   Mz= 0.000E+00
 Step=  8594  T= 6.201E-03  K.E.= 1.605E+01  T.E.= 4.152E+02
              Mx= 0.183E-01   My= 0.000E+00   Mz= 0.000E+00
 Step=  8732  T= 6.300E-03  K.E.= 1.635E+01  T.E.= 4.146E+02
              Mx= 0.186E-01   My= 0.000E+00   Mz= 0.000E+00
 Step=  8871  T= 6.400E-03  K.E.= 1.654E+01  T.E.= 4.139E+02
              Mx= 0.188E-01   My= 0.000E+00   Mz= 0.000E+00
 Step=  9009  T= 6.500E-03  K.E.= 1.696E+01  T.E.= 4.133E+02
              Mx= 0.190E-01   My= 0.000E+00   Mz= 0.000E+00
 Step=  9148  T= 6.600E-03  K.E.= 1.709E+01  T.E.= 4.127E+02
              Mx= 0.193E-01   My= 0.000E+00   Mz= 0.000E+00
 Step=  9287  T= 6.701E-03  K.E.= 1.740E+01  T.E.= 4.120E+02
              Mx= 0.195E-01   My= 0.000E+00   Mz= 0.000E+00
 Step=  9425  T= 6.800E-03  K.E.= 1.795E+01  T.E.= 4.114E+02
              Mx= 0.197E-01   My= 0.000E+00   Mz= 0.000E+00
 Step=  9564  T= 6.900E-03  K.E.= 1.840E+01  T.E.= 4.108E+02
              Mx= 0.200E-01   My= 0.000E+00   Mz= 0.000E+00
 Step=  9702  T= 7.000E-03  K.E.= 1.862E+01  T.E.= 4.101E+02
              Mx= 0.202E-01   My= 0.000E+00   Mz= 0.000E+00
 Write output data
 Step=  9841  T= 7.100E-03  K.E.= 1.894E+01  T.E.= 4.094E+02
              Mx= 0.204E-01   My= 0.000E+00   Mz= 0.000E+00
 Step=  9980  T= 7.201E-03  K.E.= 1.936E+01  T.E.= 4.088E+02
              Mx= 0.207E-01   My= 0.000E+00   Mz= 0.000E+00
 Step= 10118  T= 7.300E-03  K.E.= 1.963E+01  T.E.= 4.081E+02
              Mx= 0.209E-01   My= 0.000E+00   Mz= 0.000E+00
 Step= 10257  T= 7.400E-03  K.E.= 1.994E+01  T.E.= 4.074E+02
              Mx= 0.211E-01   My= 0.000E+00   Mz= 0.000E+00
 Step= 10395  T= 7.500E-03  K.E.= 2.029E+01  T.E.= 4.068E+02
              Mx= 0.213E-01   My= 0.000E+00   Mz= 0.000E+00
 Step= 10534  T= 7.600E-03  K.E.= 2.085E+01  T.E.= 4.061E+02
              Mx= 0.216E-01   My= 0.000E+00   Mz= 0.000E+00
 Step= 10673  T= 7.701E-03  K.E.= 2.089E+01  T.E.= 4.053E+02
              Mx= 0.218E-01   My= 0.000E+00   Mz= 0.000E+00
 Step= 10811  T= 7.800E-03  K.E.= 2.109E+01  T.E.= 4.046E+02
              Mx= 0.220E-01   My= 0.000E+00   Mz= 0.000E+00
 Step= 10950  T= 7.900E-03  K.E.= 2.115E+01  T.E.= 4.039E+02
              Mx= 0.222E-01   My= 0.000E+00   Mz= 0.000E+00
 Step= 11088  T= 8.000E-03  K.E.= 2.171E+01  T.E.= 4.031E+02
              Mx= 0.224E-01   My= 0.000E+00   Mz= 0.000E+00
 Write output data
 Step= 11227  T= 8.100E-03  K.E.= 2.190E+01  T.E.= 4.024E+02
              Mx= 0.225E-01   My= 0.000E+00   Mz= 0.000E+00
 Step= 11366  T= 8.201E-03  K.E.= 2.238E+01  T.E.= 4.016E+02
              Mx= 0.228E-01   My= 0.000E+00   Mz= 0.000E+00
 Step= 11504  T= 8.300E-03  K.E.= 2.237E+01  T.E.= 4.009E+02
              Mx= 0.230E-01   My= 0.000E+00   Mz= 0.000E+00
 Step= 11643  T= 8.400E-03  K.E.= 2.300E+01  T.E.= 4.002E+02
              Mx= 0.232E-01   My= 0.000E+00   Mz= 0.000E+00
 Step= 11781  T= 8.500E-03  K.E.= 2.344E+01  T.E.= 3.995E+02
              Mx= 0.233E-01   My= 0.000E+00   Mz= 0.000E+00
 Step= 11920  T= 8.600E-03  K.E.= 2.339E+01  T.E.= 3.988E+02
              Mx= 0.235E-01   My= 0.000E+00   Mz= 0.000E+00
 Step= 12059  T= 8.701E-03  K.E.= 2.339E+01  T.E.= 3.980E+02
              Mx= 0.237E-01   My= 0.000E+00   Mz= 0.000E+00
 Step= 12197  T= 8.800E-03  K.E.= 2.418E+01  T.E.= 3.972E+02
              Mx= 0.239E-01   My= 0.000E+00   Mz= 0.000E+00
 Step= 12336  T= 8.900E-03  K.E.= 2.460E+01  T.E.= 3.964E+02
              Mx= 0.242E-01   My= 0.000E+00   Mz= 0.000E+00
 Step= 12474  T= 9.000E-03  K.E.= 2.469E+01  T.E.= 3.957E+02
              Mx= 0.243E-01   My= 0.000E+00   Mz= 0.000E+00
 Write output data
 Step= 12613  T= 9.100E-03  K.E.= 2.510E+01  T.E.= 3.949E+02
              Mx= 0.245E-01   My= 0.000E+00   Mz= 0.000E+00
 Step= 12752  T= 9.201E-03  K.E.= 2.535E+01  T.E.= 3.940E+02
              Mx= 0.247E-01   My= 0.000E+00   Mz= 0.000E+00
 Step= 12890  T= 9.300E-03  K.E.= 2.585E+01  T.E.= 3.932E+02
              Mx= 0.249E-01   My= 0.000E+00   Mz= 0.000E+00
 Step= 13029  T= 9.400E-03  K.E.= 2.618E+01  T.E.= 3.924E+02
              Mx= 0.252E-01   My= 0.000E+00   Mz= 0.000E+00
 Step= 13167  T= 9.500E-03  K.E.= 2.643E+01  T.E.= 3.916E+02
              Mx= 0.253E-01   My= 0.000E+00   Mz= 0.000E+00
 Step= 13306  T= 9.600E-03  K.E.= 2.638E+01  T.E.= 3.908E+02
              Mx= 0.254E-01   My= 0.000E+00   Mz= 0.000E+00
 Step= 13445  T= 9.701E-03  K.E.= 2.663E+01  T.E.= 3.900E+02
              Mx= 0.258E-01   My= 0.000E+00   Mz= 0.000E+00
 Step= 13583  T= 9.800E-03  K.E.= 2.777E+01  T.E.= 3.892E+02
              Mx= 0.260E-01   My= 0.000E+00   Mz= 0.000E+00
 Step= 13722  T= 9.900E-03  K.E.= 2.744E+01  T.E.= 3.884E+02
              Mx= 0.261E-01   My= 0.000E+00   Mz= 0.000E+00
 Step= 13860  T= 1.000E-02  K.E.= 2.805E+01  T.E.= 3.875E+02
              Mx= 0.264E-01   My= 0.000E+00   Mz= 0.000E+00
 Write output data
 Step= 13999  T= 1.010E-02  K.E.= 2.764E+01  T.E.= 3.867E+02
              Mx= 0.266E-01   My= 0.000E+00   Mz= 0.000E+00
 Step= 14138  T= 1.020E-02  K.E.= 2.826E+01  T.E.= 3.858E+02
              Mx= 0.268E-01   My= 0.000E+00   Mz= 0.000E+00
 Step= 14276  T= 1.030E-02  K.E.= 2.879E+01  T.E.= 3.850E+02
              Mx= 0.272E-01   My= 0.000E+00   Mz= 0.000E+00
 Step= 14415  T= 1.040E-02  K.E.= 2.895E+01  T.E.= 3.841E+02
              Mx= 0.273E-01   My= 0.000E+00   Mz= 0.000E+00
 Step= 14553  T= 1.050E-02  K.E.= 2.905E+01  T.E.= 3.833E+02
              Mx= 0.276E-01   My= 0.000E+00   Mz= 0.000E+00
 Step= 14692  T= 1.060E-02  K.E.= 2.941E+01  T.E.= 3.825E+02
              Mx= 0.280E-01   My= 0.000E+00   Mz= 0.000E+00
 Step= 14831  T= 1.070E-02  K.E.= 2.959E+01  T.E.= 3.816E+02
              Mx= 0.281E-01   My= 0.000E+00   Mz= 0.000E+00
 Step= 14969  T= 1.080E-02  K.E.= 3.001E+01  T.E.= 3.808E+02
              Mx= 0.282E-01   My= 0.000E+00   Mz= 0.000E+00
 Step= 15108  T= 1.090E-02  K.E.= 3.077E+01  T.E.= 3.799E+02
              Mx= 0.284E-01   My= 0.000E+00   Mz= 0.000E+00
 Step= 15246  T= 1.100E-02  K.E.= 3.069E+01  T.E.= 3.790E+02
              Mx= 0.285E-01   My= 0.000E+00   Mz= 0.000E+00
 Write output data
 Step= 15385  T= 1.110E-02  K.E.= 3.095E+01  T.E.= 3.781E+02
              Mx= 0.288E-01   My= 0.000E+00   Mz= 0.000E+00
 Step= 15524  T= 1.120E-02  K.E.= 3.128E+01  T.E.= 3.773E+02
              Mx= 0.289E-01   My= 0.000E+00   Mz= 0.000E+00
 Step= 15662  T= 1.130E-02  K.E.= 3.154E+01  T.E.= 3.764E+02
              Mx= 0.292E-01   My= 0.000E+00   Mz= 0.000E+00
 Step= 15801  T= 1.140E-02  K.E.= 3.166E+01  T.E.= 3.756E+02
              Mx= 0.294E-01   My= 0.000E+00   Mz= 0.000E+00
 Step= 15939  T= 1.150E-02  K.E.= 3.203E+01  T.E.= 3.747E+02
              Mx= 0.294E-01   My= 0.000E+00   Mz= 0.000E+00
 Step= 16078  T= 1.160E-02  K.E.= 3.254E+01  T.E.= 3.738E+02
              Mx= 0.296E-01   My= 0.000E+00   Mz= 0.000E+00
 Step= 16217  T= 1.170E-02  K.E.= 3.267E+01  T.E.= 3.729E+02
              Mx= 0.299E-01   My= 0.000E+00   Mz= 0.000E+00
 Step= 16355  T= 1.180E-02  K.E.= 3.293E+01  T.E.= 3.720E+02
              Mx= 0.302E-01   My= 0.000E+00   Mz= 0.000E+00
 Step= 16494  T= 1.190E-02  K.E.= 3.391E+01  T.E.= 3.711E+02
              Mx= 0.303E-01   My= 0.000E+00   Mz= 0.000E+00
 Step= 16632  T= 1.200E-02  K.E.= 3.410E+01  T.E.= 3.703E+02
              Mx= 0.307E-01   My= 0.000E+00   Mz= 0.000E+00
 Write output data
 Step= 16771  T= 1.210E-02  K.E.= 3.388E+01  T.E.= 3.693E+02
              Mx= 0.309E-01   My= 0.000E+00   Mz= 0.000E+00
 Step= 16910  T= 1.220E-02  K.E.= 3.413E+01  T.E.= 3.684E+02
              Mx= 0.311E-01   My= 0.000E+00   Mz= 0.000E+00
 Step= 17048  T= 1.230E-02  K.E.= 3.340E+01  T.E.= 3.675E+02
              Mx= 0.312E-01   My= 0.000E+00   Mz= 0.000E+00
 Step= 17187  T= 1.240E-02  K.E.= 3.428E+01  T.E.= 3.667E+02
              Mx= 0.314E-01   My= 0.000E+00   Mz= 0.000E+00
 Step= 17325  T= 1.250E-02  K.E.= 3.438E+01  T.E.= 3.657E+02
              Mx= 0.316E-01   My= 0.000E+00   Mz= 0.000E+00
 Step= 17464  T= 1.260E-02  K.E.= 3.526E+01  T.E.= 3.648E+02
              Mx= 0.318E-01   My= 0.000E+00   Mz= 0.000E+00
 Step= 17603  T= 1.270E-02  K.E.= 3.524E+01  T.E.= 3.638E+02
              Mx= 0.319E-01   My= 0.000E+00   Mz= 0.000E+00
 Step= 17741  T= 1.280E-02  K.E.= 3.595E+01  T.E.= 3.629E+02
              Mx= 0.322E-01   My= 0.000E+00   Mz= 0.000E+00
 Step= 17880  T= 1.290E-02  K.E.= 3.581E+01  T.E.= 3.620E+02
              Mx= 0.323E-01   My= 0.000E+00   Mz= 0.000E+00
 Step= 18018  T= 1.300E-02  K.E.= 3.593E+01  T.E.= 3.611E+02
              Mx= 0.324E-01   My= 0.000E+00   Mz= 0.000E+00
 Write output data
 Step= 18157  T= 1.310E-02  K.E.= 3.619E+01  T.E.= 3.602E+02
              Mx= 0.327E-01   My= 0.000E+00   Mz= 0.000E+00
 Step= 18296  T= 1.320E-02  K.E.= 3.593E+01  T.E.= 3.593E+02
              Mx= 0.329E-01   My= 0.000E+00   Mz= 0.000E+00
 Step= 18434  T= 1.330E-02  K.E.= 3.618E+01  T.E.= 3.583E+02
              Mx= 0.331E-01   My= 0.000E+00   Mz= 0.000E+00
 Step= 18573  T= 1.340E-02  K.E.= 3.671E+01  T.E.= 3.573E+02
              Mx= 0.333E-01   My= 0.000E+00   Mz= 0.000E+00
 Step= 18711  T= 1.350E-02  K.E.= 3.668E+01  T.E.= 3.564E+02
              Mx= 0.335E-01   My= 0.000E+00   Mz= 0.000E+00
 Step= 18850  T= 1.360E-02  K.E.= 3.736E+01  T.E.= 3.554E+02
              Mx= 0.338E-01   My= 0.000E+00   Mz= 0.000E+00
 Step= 18989  T= 1.370E-02  K.E.= 3.707E+01  T.E.= 3.545E+02
              Mx= 0.339E-01   My= 0.000E+00   Mz= 0.000E+00
 Step= 19127  T= 1.380E-02  K.E.= 3.767E+01  T.E.= 3.536E+02
              Mx= 0.341E-01   My= 0.000E+00   Mz= 0.000E+00
 Step= 19266  T= 1.390E-02  K.E.= 3.766E+01  T.E.= 3.525E+02
              Mx= 0.345E-01   My= 0.000E+00   Mz= 0.000E+00
 Step= 19404  T= 1.400E-02  K.E.= 3.835E+01  T.E.= 3.516E+02
              Mx= 0.348E-01   My= 0.000E+00   Mz= 0.000E+00
 Write output data
 Step= 19543  T= 1.410E-02  K.E.= 3.847E+01  T.E.= 3.506E+02
              Mx= 0.350E-01   My= 0.000E+00   Mz= 0.000E+00
 Step= 19682  T= 1.420E-02  K.E.= 3.899E+01  T.E.= 3.496E+02
              Mx= 0.352E-01   My= 0.000E+00   Mz= 0.000E+00
 Step= 19820  T= 1.430E-02  K.E.= 3.916E+01  T.E.= 3.486E+02
              Mx= 0.355E-01   My= 0.000E+00   Mz= 0.000E+00
 Step= 19959  T= 1.440E-02  K.E.= 3.896E+01  T.E.= 3.476E+02
              Mx= 0.356E-01   My= 0.000E+00   Mz= 0.000E+00
 Step= 20097  T= 1.450E-02  K.E.= 4.061E+01  T.E.= 3.466E+02
              Mx= 0.359E-01   My= 0.000E+00   Mz= 0.000E+00
 Step= 20236  T= 1.460E-02  K.E.= 4.236E+01  T.E.= 3.457E+02
              Mx= 0.362E-01   My= 0.000E+00   Mz= 0.000E+00
 Step= 20375  T= 1.470E-02  K.E.= 4.426E+01  T.E.= 3.448E+02
              Mx= 0.363E-01   My= 0.000E+00   Mz= 0.000E+00
 Step= 20513  T= 1.480E-02  K.E.= 4.599E+01  T.E.= 3.439E+02
              Mx= 0.365E-01   My= 0.000E+00   Mz= 0.000E+00
 Step= 20652  T= 1.490E-02  K.E.= 4.780E+01  T.E.= 3.431E+02
              Mx= 0.366E-01   My= 0.000E+00   Mz= 0.000E+00
 Step= 20790  T= 1.500E-02  K.E.= 5.057E+01  T.E.= 3.423E+02
              Mx= 0.367E-01   My= 0.000E+00   Mz= 0.000E+00
 
** Total CPU Time is      66.7031 seconds (    1 minutes  6.7031 seconds)
** Elapsed time is        72.6406 seconds (    1 minutes 12.6406 seconds)
** Time per particle cycle:     802.1059 nanoseconds
** Total elasped time :      76.7070 seconds
