Number of components =            1
Number of bodies =            1
Number of particles =        19640
Number of material sets  =            1
DTScale =      0.200
USF method is used 
Material:
1 dpm 2.1d3 0.7e8 0.3 0.3545 9.74d3 0.0 27.48d3
the effective number of material           1
Grid mass CutOff value:   0.2100E-01
 
Number of grid      7992
cells (x,y,z)  110   1  35
 
     --- body  1 ---
                    mass:  0.5145E+07
          kinetic energy:  0.0000E+00
         internal energy:  0.0000E+00
       --- total ---
              total mass:  0.5145E+07
    total kinetic energy:  0.0000E+00
   total internal energy:  0.0000E+00
 
DT =  0.944E-03
 Step=     1  T= 9.442E-04  K.E.= 5.336E+01  T.E.= 5.336E+01
              Mx= 0.000E+00   My= 0.000E+00   Mz=-0.233E+05
 Step=    53  T= 5.004E-02  K.E.= 4.183E+05  T.E.= 5.092E+05
              Mx= 0.191E+00   My= 0.000E+00   Mz=-0.192E+07
 Step=   106  T= 1.001E-01  K.E.= 9.897E+05  T.E.= 1.692E+06
              Mx= 0.333E+04   My= 0.000E+00   Mz=-0.274E+07
 Step=   159  T= 1.501E-01  K.E.= 1.263E+06  T.E.= 3.010E+06
              Mx= 0.646E+05   My= 0.000E+00   Mz=-0.246E+07
 Write output data
 Step=   212  T= 2.002E-01  K.E.= 1.317E+06  T.E.= 4.029E+06
              Mx= 0.257E+06   My= 0.000E+00   Mz=-0.172E+07
 Step=   265  T= 2.502E-01  K.E.= 9.229E+05  T.E.= 4.739E+06
              Mx= 0.547E+06   My= 0.000E+00   Mz=-0.124E+07
 Step=   318  T= 3.002E-01  K.E.= 4.750E+05  T.E.= 5.312E+06
              Mx= 0.882E+06   My= 0.000E+00   Mz=-0.109E+07
 Step=   371  T= 3.503E-01  K.E.= 4.084E+05  T.E.= 5.772E+06
              Mx= 0.115E+07   My= 0.000E+00   Mz=-0.655E+06
 Write output data
 Step=   424  T= 4.003E-01  K.E.= 4.549E+05  T.E.= 5.907E+06
              Mx= 0.123E+07   My= 0.000E+00   Mz= 0.178E+06
 Step=   477  T= 4.504E-01  K.E.= 5.583E+05  T.E.= 5.609E+06
              Mx= 0.113E+07   My= 0.000E+00   Mz= 0.108E+07
 Step=   530  T= 5.004E-01  K.E.= 7.084E+05  T.E.= 4.943E+06
              Mx= 0.921E+06   My= 0.000E+00   Mz= 0.150E+07
 Step=   583  T= 5.504E-01  K.E.= 5.868E+05  T.E.= 4.267E+06
              Mx= 0.694E+06   My= 0.000E+00   Mz= 0.109E+07
 Write output data
 Step=   636  T= 6.005E-01  K.E.= 4.635E+05  T.E.= 3.970E+06
              Mx= 0.541E+06   My= 0.000E+00   Mz= 0.563E+05
 Step=   689  T= 6.505E-01  K.E.= 5.042E+05  T.E.= 4.183E+06
              Mx= 0.483E+06   My= 0.000E+00   Mz=-0.860E+06
 Step=   742  T= 7.006E-01  K.E.= 5.581E+05  T.E.= 4.720E+06
              Mx= 0.516E+06   My= 0.000E+00   Mz=-0.123E+07
 Step=   795  T= 7.506E-01  K.E.= 7.616E+05  T.E.= 5.313E+06
              Mx= 0.607E+06   My= 0.000E+00   Mz=-0.114E+07
 Write output data
 Step=   848  T= 8.006E-01  K.E.= 9.614E+05  T.E.= 5.837E+06
              Mx= 0.726E+06   My= 0.000E+00   Mz=-0.106E+07
 Step=   901  T= 8.507E-01  K.E.= 8.809E+05  T.E.= 6.400E+06
              Mx= 0.829E+06   My= 0.000E+00   Mz=-0.129E+07
 Step=   954  T= 9.007E-01  K.E.= 7.710E+05  T.E.= 7.094E+06
              Mx= 0.929E+06   My= 0.000E+00   Mz=-0.148E+07
 Step=  1007  T= 9.508E-01  K.E.= 6.565E+05  T.E.= 7.759E+06
              Mx= 0.956E+06   My= 0.000E+00   Mz=-0.113E+07
 Write output data
 Step=  1060  T= 1.001E+00  K.E.= 5.339E+05  T.E.= 8.125E+06
              Mx= 0.910E+06   My= 0.000E+00   Mz=-0.276E+06
 Step=  1113  T= 1.051E+00  K.E.= 6.339E+05  T.E.= 8.038E+06
              Mx= 0.837E+06   My= 0.000E+00   Mz= 0.590E+06
 Step=  1166  T= 1.101E+00  K.E.= 7.545E+05  T.E.= 7.652E+06
              Mx= 0.769E+06   My= 0.000E+00   Mz= 0.862E+06
 Step=  1219  T= 1.151E+00  K.E.= 7.778E+05  T.E.= 7.302E+06
              Mx= 0.658E+06   My= 0.000E+00   Mz= 0.477E+06
 Write output data
 Step=  1271  T= 1.200E+00  K.E.= 8.583E+05  T.E.= 7.212E+06
              Mx= 0.548E+06   My= 0.000E+00   Mz=-0.938E+05
 Step=  1324  T= 1.250E+00  K.E.= 8.469E+05  T.E.= 7.353E+06
              Mx= 0.491E+06   My= 0.000E+00   Mz=-0.441E+06
 Step=  1377  T= 1.300E+00  K.E.= 8.043E+05  T.E.= 7.583E+06
              Mx= 0.532E+06   My= 0.000E+00   Mz=-0.449E+06
 Step=  1430  T= 1.350E+00  K.E.= 9.323E+05  T.E.= 7.804E+06
              Mx= 0.630E+06   My= 0.000E+00   Mz=-0.494E+06
 Write output data
 Step=  1483  T= 1.400E+00  K.E.= 1.007E+06  T.E.= 8.121E+06
              Mx= 0.749E+06   My= 0.000E+00   Mz=-0.863E+06
 Step=  1536  T= 1.450E+00  K.E.= 1.040E+06  T.E.= 8.682E+06
              Mx= 0.870E+06   My= 0.000E+00   Mz=-0.143E+07
 Step=  1589  T= 1.500E+00  K.E.= 1.093E+06  T.E.= 9.458E+06
              Mx= 0.962E+06   My= 0.000E+00   Mz=-0.166E+07
 Step=  1642  T= 1.550E+00  K.E.= 9.700E+05  T.E.= 1.020E+07
              Mx= 0.103E+07   My= 0.000E+00   Mz=-0.127E+07
 Write output data
 Step=  1695  T= 1.600E+00  K.E.= 8.591E+05  T.E.= 1.063E+07
              Mx= 0.106E+07   My= 0.000E+00   Mz=-0.426E+06
 Step=  1748  T= 1.650E+00  K.E.= 8.707E+05  T.E.= 1.067E+07
              Mx= 0.102E+07   My= 0.000E+00   Mz= 0.202E+06
 Step=  1801  T= 1.700E+00  K.E.= 8.450E+05  T.E.= 1.052E+07
              Mx= 0.926E+06   My= 0.000E+00   Mz= 0.297E+06
 Step=  1854  T= 1.750E+00  K.E.= 9.226E+05  T.E.= 1.045E+07
              Mx= 0.827E+06   My= 0.000E+00   Mz=-0.312E+05
 Write output data
 Step=  1907  T= 1.801E+00  K.E.= 1.041E+06  T.E.= 1.053E+07
              Mx= 0.723E+06   My= 0.000E+00   Mz=-0.233E+06
 Step=  1960  T= 1.851E+00  K.E.= 1.023E+06  T.E.= 1.062E+07
              Mx= 0.655E+06   My= 0.000E+00   Mz=-0.120E+06
 Step=  2013  T= 1.901E+00  K.E.= 1.060E+06  T.E.= 1.063E+07
              Mx= 0.622E+06   My= 0.000E+00   Mz= 0.615E+05
 Step=  2066  T= 1.951E+00  K.E.= 1.090E+06  T.E.= 1.063E+07
              Mx= 0.647E+06   My= 0.000E+00   Mz=-0.142E+06
 Write output data
 Step=  2119  T= 2.001E+00  K.E.= 1.048E+06  T.E.= 1.084E+07
              Mx= 0.719E+06   My= 0.000E+00   Mz=-0.764E+06
 Step=  2172  T= 2.051E+00  K.E.= 1.129E+06  T.E.= 1.138E+07
              Mx= 0.818E+06   My= 0.000E+00   Mz=-0.138E+07
 Step=  2225  T= 2.101E+00  K.E.= 1.168E+06  T.E.= 1.209E+07
              Mx= 0.939E+06   My= 0.000E+00   Mz=-0.146E+07
 Step=  2278  T= 2.151E+00  K.E.= 1.105E+06  T.E.= 1.272E+07
              Mx= 0.104E+07   My= 0.000E+00   Mz=-0.100E+07
 Write output data
 Step=  2331  T= 2.201E+00  K.E.= 1.102E+06  T.E.= 1.306E+07
              Mx= 0.110E+07   My= 0.000E+00   Mz=-0.436E+06
 Step=  2384  T= 2.251E+00  K.E.= 1.023E+06  T.E.= 1.320E+07
              Mx= 0.109E+07   My= 0.000E+00   Mz=-0.191E+06
 Step=  2437  T= 2.301E+00  K.E.= 9.502E+05  T.E.= 1.332E+07
              Mx= 0.102E+07   My= 0.000E+00   Mz=-0.325E+06
 Step=  2489  T= 2.350E+00  K.E.= 1.028E+06  T.E.= 1.351E+07
              Mx= 0.899E+06   My= 0.000E+00   Mz=-0.426E+06
 Write output data
 Step=  2542  T= 2.400E+00  K.E.= 1.063E+06  T.E.= 1.369E+07
              Mx= 0.757E+06   My= 0.000E+00   Mz=-0.258E+06
 Step=  2595  T= 2.450E+00  K.E.= 1.099E+06  T.E.= 1.372E+07
              Mx= 0.654E+06   My= 0.000E+00   Mz= 0.141E+06
 Step=  2648  T= 2.500E+00  K.E.= 1.188E+06  T.E.= 1.360E+07
              Mx= 0.599E+06   My= 0.000E+00   Mz= 0.290E+06
 Step=  2701  T= 2.550E+00  K.E.= 1.141E+06  T.E.= 1.352E+07
              Mx= 0.588E+06   My= 0.000E+00   Mz=-0.422E+05
 Write output data
 Step=  2754  T= 2.600E+00  K.E.= 1.101E+06  T.E.= 1.369E+07
              Mx= 0.631E+06   My= 0.000E+00   Mz=-0.690E+06
 Step=  2807  T= 2.650E+00  K.E.= 1.126E+06  T.E.= 1.415E+07
              Mx= 0.741E+06   My= 0.000E+00   Mz=-0.109E+07
 Step=  2860  T= 2.700E+00  K.E.= 1.078E+06  T.E.= 1.468E+07
              Mx= 0.888E+06   My= 0.000E+00   Mz=-0.102E+07
 Step=  2913  T= 2.750E+00  K.E.= 1.100E+06  T.E.= 1.509E+07
              Mx= 0.103E+07   My= 0.000E+00   Mz=-0.607E+06
 Write output data
 Step=  2966  T= 2.800E+00  K.E.= 1.129E+06  T.E.= 1.532E+07
              Mx= 0.109E+07   My= 0.000E+00   Mz=-0.404E+06
 Step=  3019  T= 2.850E+00  K.E.= 1.027E+06  T.E.= 1.554E+07
              Mx= 0.109E+07   My= 0.000E+00   Mz=-0.537E+06
 Step=  3072  T= 2.900E+00  K.E.= 9.972E+05  T.E.= 1.587E+07
              Mx= 0.101E+07   My= 0.000E+00   Mz=-0.769E+06
 Step=  3125  T= 2.950E+00  K.E.= 9.914E+05  T.E.= 1.623E+07
              Mx= 0.878E+06   My= 0.000E+00   Mz=-0.663E+06
 Write output data
 Step=  3178  T= 3.001E+00  K.E.= 9.541E+05  T.E.= 1.646E+07
              Mx= 0.747E+06   My= 0.000E+00   Mz=-0.211E+06
 Step=  3231  T= 3.051E+00  K.E.= 1.039E+06  T.E.= 1.645E+07
              Mx= 0.636E+06   My= 0.000E+00   Mz= 0.234E+06
 Step=  3284  T= 3.101E+00  K.E.= 1.086E+06  T.E.= 1.631E+07
              Mx= 0.573E+06   My= 0.000E+00   Mz= 0.254E+06
 Step=  3337  T= 3.151E+00  K.E.= 1.046E+06  T.E.= 1.627E+07
              Mx= 0.559E+06   My= 0.000E+00   Mz=-0.152E+06
 Write output data
 Step=  3390  T= 3.201E+00  K.E.= 1.060E+06  T.E.= 1.646E+07
              Mx= 0.591E+06   My= 0.000E+00   Mz=-0.589E+06
 Step=  3443  T= 3.251E+00  K.E.= 9.905E+05  T.E.= 1.678E+07
              Mx= 0.670E+06   My= 0.000E+00   Mz=-0.678E+06
 Step=  3496  T= 3.301E+00  K.E.= 9.141E+05  T.E.= 1.706E+07
              Mx= 0.778E+06   My= 0.000E+00   Mz=-0.426E+06
 Step=  3549  T= 3.351E+00  K.E.= 9.584E+05  T.E.= 1.721E+07
              Mx= 0.887E+06   My= 0.000E+00   Mz=-0.236E+06
 Write output data
 Step=  3602  T= 3.401E+00  K.E.= 9.360E+05  T.E.= 1.735E+07
              Mx= 0.948E+06   My= 0.000E+00   Mz=-0.382E+06
 Step=  3655  T= 3.451E+00  K.E.= 9.052E+05  T.E.= 1.763E+07
              Mx= 0.943E+06   My= 0.000E+00   Mz=-0.787E+06
 Step=  3708  T= 3.501E+00  K.E.= 9.166E+05  T.E.= 1.808E+07
              Mx= 0.886E+06   My= 0.000E+00   Mz=-0.957E+06
 Step=  3760  T= 3.550E+00  K.E.= 8.277E+05  T.E.= 1.849E+07
              Mx= 0.810E+06   My= 0.000E+00   Mz=-0.697E+06
 Write output data
 Step=  3813  T= 3.600E+00  K.E.= 7.903E+05  T.E.= 1.871E+07
              Mx= 0.705E+06   My= 0.000E+00   Mz=-0.153E+06
 Step=  3866  T= 3.650E+00  K.E.= 8.340E+05  T.E.= 1.869E+07
              Mx= 0.606E+06   My= 0.000E+00   Mz= 0.160E+06
 Step=  3919  T= 3.700E+00  K.E.= 8.050E+05  T.E.= 1.862E+07
              Mx= 0.527E+06   My= 0.000E+00   Mz= 0.506E+05
 Step=  3972  T= 3.750E+00  K.E.= 8.281E+05  T.E.= 1.868E+07
              Mx= 0.495E+06   My= 0.000E+00   Mz=-0.293E+06
 Write output data
 Step=  4025  T= 3.800E+00  K.E.= 8.405E+05  T.E.= 1.886E+07
              Mx= 0.491E+06   My= 0.000E+00   Mz=-0.411E+06
 Step=  4078  T= 3.850E+00  K.E.= 7.323E+05  T.E.= 1.903E+07
              Mx= 0.520E+06   My= 0.000E+00   Mz=-0.204E+06
 Step=  4131  T= 3.900E+00  K.E.= 6.968E+05  T.E.= 1.905E+07
              Mx= 0.582E+06   My= 0.000E+00   Mz= 0.936E+05
 Step=  4184  T= 3.950E+00  K.E.= 6.782E+05  T.E.= 1.900E+07
              Mx= 0.648E+06   My= 0.000E+00   Mz= 0.507E+05
 Write output data
 Step=  4237  T= 4.000E+00  K.E.= 6.176E+05  T.E.= 1.906E+07
              Mx= 0.700E+06   My= 0.000E+00   Mz=-0.362E+06
 Step=  4290  T= 4.050E+00  K.E.= 6.561E+05  T.E.= 1.936E+07
              Mx= 0.721E+06   My= 0.000E+00   Mz=-0.809E+06
 Step=  4343  T= 4.100E+00  K.E.= 6.449E+05  T.E.= 1.978E+07
              Mx= 0.707E+06   My= 0.000E+00   Mz=-0.868E+06
 Step=  4396  T= 4.151E+00  K.E.= 5.667E+05  T.E.= 2.014E+07
              Mx= 0.660E+06   My= 0.000E+00   Mz=-0.510E+06
 Write output data
 Step=  4449  T= 4.201E+00  K.E.= 5.725E+05  T.E.= 2.028E+07
              Mx= 0.591E+06   My= 0.000E+00   Mz=-0.114E+06
 Step=  4502  T= 4.251E+00  K.E.= 5.287E+05  T.E.= 2.031E+07
              Mx= 0.503E+06   My= 0.000E+00   Mz=-0.386E+05
 Step=  4555  T= 4.301E+00  K.E.= 4.861E+05  T.E.= 2.037E+07
              Mx= 0.424E+06   My= 0.000E+00   Mz=-0.264E+06
 Step=  4608  T= 4.351E+00  K.E.= 5.379E+05  T.E.= 2.055E+07
              Mx= 0.365E+06   My= 0.000E+00   Mz=-0.393E+06
 Write output data
 Step=  4661  T= 4.401E+00  K.E.= 5.059E+05  T.E.= 2.070E+07
              Mx= 0.336E+06   My= 0.000E+00   Mz=-0.179E+06
 Step=  4714  T= 4.451E+00  K.E.= 4.629E+05  T.E.= 2.068E+07
              Mx= 0.331E+06   My= 0.000E+00   Mz= 0.260E+06
 Step=  4767  T= 4.501E+00  K.E.= 4.653E+05  T.E.= 2.049E+07
              Mx= 0.348E+06   My= 0.000E+00   Mz= 0.444E+06
 Step=  4820  T= 4.551E+00  K.E.= 3.793E+05  T.E.= 2.032E+07
              Mx= 0.381E+06   My= 0.000E+00   Mz= 0.185E+06
 Write output data
 Step=  4873  T= 4.601E+00  K.E.= 3.493E+05  T.E.= 2.036E+07
              Mx= 0.413E+06   My= 0.000E+00   Mz=-0.352E+06
 Step=  4926  T= 4.651E+00  K.E.= 3.821E+05  T.E.= 2.062E+07
              Mx= 0.452E+06   My= 0.000E+00   Mz=-0.664E+06
 Step=  4978  T= 4.700E+00  K.E.= 3.365E+05  T.E.= 2.094E+07
              Mx= 0.478E+06   My= 0.000E+00   Mz=-0.588E+06
 Step=  5031  T= 4.750E+00  K.E.= 3.390E+05  T.E.= 2.115E+07
              Mx= 0.478E+06   My= 0.000E+00   Mz=-0.273E+06
 Write output data
 Step=  5084  T= 4.800E+00  K.E.= 3.442E+05  T.E.= 2.124E+07
              Mx= 0.454E+06   My= 0.000E+00   Mz=-0.150E+06
 Step=  5137  T= 4.850E+00  K.E.= 2.592E+05  T.E.= 2.134E+07
              Mx= 0.413E+06   My= 0.000E+00   Mz=-0.307E+06
 Step=  5190  T= 4.900E+00  K.E.= 2.546E+05  T.E.= 2.156E+07
              Mx= 0.359E+06   My= 0.000E+00   Mz=-0.521E+06
 Step=  5243  T= 4.950E+00  K.E.= 2.552E+05  T.E.= 2.180E+07
              Mx= 0.294E+06   My= 0.000E+00   Mz=-0.402E+06
 Write output data
 Step=  5296  T= 5.000E+00  K.E.= 2.060E+05  T.E.= 2.190E+07
              Mx= 0.228E+06   My= 0.000E+00   Mz= 0.546E+05
 Step=  5349  T= 5.050E+00  K.E.= 2.433E+05  T.E.= 2.175E+07
              Mx= 0.172E+06   My= 0.000E+00   Mz= 0.509E+06
 Step=  5402  T= 5.100E+00  K.E.= 2.325E+05  T.E.= 2.147E+07
              Mx= 0.140E+06   My= 0.000E+00   Mz= 0.548E+06
 Step=  5455  T= 5.150E+00  K.E.= 1.647E+05  T.E.= 2.128E+07
              Mx= 0.126E+06   My= 0.000E+00   Mz= 0.163E+06
 Write output data
 Step=  5508  T= 5.200E+00  K.E.= 1.778E+05  T.E.= 2.131E+07
              Mx= 0.138E+06   My= 0.000E+00   Mz=-0.260E+06
 Step=  5561  T= 5.250E+00  K.E.= 1.435E+05  T.E.= 2.148E+07
              Mx= 0.174E+06   My= 0.000E+00   Mz=-0.375E+06
 Step=  5614  T= 5.300E+00  K.E.= 1.102E+05  T.E.= 2.163E+07
              Mx= 0.222E+06   My= 0.000E+00   Mz=-0.182E+06
 Step=  5667  T= 5.351E+00  K.E.= 1.638E+05  T.E.= 2.167E+07
              Mx= 0.260E+06   My= 0.000E+00   Mz=-0.513E+05
 Write output data
 Step=  5720  T= 5.401E+00  K.E.= 1.374E+05  T.E.= 2.172E+07
              Mx= 0.278E+06   My= 0.000E+00   Mz=-0.204E+06
 Step=  5773  T= 5.451E+00  K.E.= 1.067E+05  T.E.= 2.190E+07
              Mx= 0.286E+06   My= 0.000E+00   Mz=-0.537E+06
 Step=  5826  T= 5.501E+00  K.E.= 1.256E+05  T.E.= 2.220E+07
              Mx= 0.265E+06   My= 0.000E+00   Mz=-0.616E+06
 Step=  5879  T= 5.551E+00  K.E.= 6.449E+04  T.E.= 2.244E+07
              Mx= 0.220E+06   My= 0.000E+00   Mz=-0.291E+06
 Write output data
 Step=  5932  T= 5.601E+00  K.E.= 5.571E+04  T.E.= 2.245E+07
              Mx= 0.148E+06   My= 0.000E+00   Mz= 0.261E+06
 Step=  5985  T= 5.651E+00  K.E.= 1.008E+05  T.E.= 2.224E+07
              Mx= 0.668E+05   My= 0.000E+00   Mz= 0.549E+06
 Step=  6038  T= 5.701E+00  K.E.= 6.494E+04  T.E.= 2.198E+07
              Mx=-0.700E+04   My= 0.000E+00   Mz= 0.415E+06
 Step=  6091  T= 5.751E+00  K.E.= 7.856E+04  T.E.= 2.187E+07
              Mx=-0.621E+05   My= 0.000E+00   Mz= 0.421E+05
 Write output data
 Step=  6144  T= 5.801E+00  K.E.= 9.239E+04  T.E.= 2.190E+07
              Mx=-0.859E+05   My= 0.000E+00   Mz=-0.136E+06
 Step=  6197  T= 5.851E+00  K.E.= 2.655E+04  T.E.= 2.195E+07
              Mx=-0.689E+05   My= 0.000E+00   Mz=-0.118E+05
 Step=  6249  T= 5.900E+00  K.E.= 4.192E+04  T.E.= 2.190E+07
              Mx=-0.280E+05   My= 0.000E+00   Mz= 0.192E+06
 Step=  6302  T= 5.950E+00  K.E.= 6.062E+04  T.E.= 2.181E+07
              Mx= 0.236E+05   My= 0.000E+00   Mz= 0.119E+06
 Write output data
 Step=  6355  T= 6.000E+00  K.E.= 2.753E+04  T.E.= 2.183E+07
              Mx= 0.798E+05   My= 0.000E+00   Mz=-0.247E+06
 Step=  6408  T= 6.050E+00  K.E.= 7.380E+04  T.E.= 2.205E+07
              Mx= 0.129E+06   My= 0.000E+00   Mz=-0.582E+06
 Step=  6461  T= 6.100E+00  K.E.= 7.342E+04  T.E.= 2.234E+07
              Mx= 0.165E+06   My= 0.000E+00   Mz=-0.528E+06
 Step=  6514  T= 6.150E+00  K.E.= 2.333E+04  T.E.= 2.250E+07
              Mx= 0.162E+06   My= 0.000E+00   Mz=-0.106E+06
 Write output data
 Step=  6567  T= 6.200E+00  K.E.= 5.439E+04  T.E.= 2.245E+07
              Mx= 0.122E+06   My= 0.000E+00   Mz= 0.292E+06
 Step=  6620  T= 6.250E+00  K.E.= 3.823E+04  T.E.= 2.228E+07
              Mx= 0.581E+05   My= 0.000E+00   Mz= 0.349E+06
 Step=  6673  T= 6.300E+00  K.E.= 1.955E+04  T.E.= 2.216E+07
              Mx=-0.110E+05   My= 0.000E+00   Mz= 0.900E+05
 Step=  6726  T= 6.350E+00  K.E.= 7.800E+04  T.E.= 2.217E+07
              Mx=-0.794E+05   My= 0.000E+00   Mz=-0.994E+05
 Write output data
 Step=  6779  T= 6.400E+00  K.E.= 5.652E+04  T.E.= 2.221E+07
              Mx=-0.136E+06   My= 0.000E+00   Mz= 0.109E+05
 Step=  6832  T= 6.450E+00  K.E.= 3.542E+04  T.E.= 2.213E+07
              Mx=-0.167E+06   My= 0.000E+00   Mz= 0.323E+06
 Step=  6885  T= 6.501E+00  K.E.= 6.670E+04  T.E.= 2.193E+07
              Mx=-0.161E+06   My= 0.000E+00   Mz= 0.431E+06
 Step=  6938  T= 6.551E+00  K.E.= 2.236E+04  T.E.= 2.177E+07
              Mx=-0.129E+06   My= 0.000E+00   Mz= 0.172E+06
 Write output data
 Step=  6991  T= 6.601E+00  K.E.= 2.488E+04  T.E.= 2.179E+07
              Mx=-0.699E+05   My= 0.000E+00   Mz=-0.286E+06
 Step=  7044  T= 6.651E+00  K.E.= 7.177E+04  T.E.= 2.200E+07
              Mx= 0.911E+04   My= 0.000E+00   Mz=-0.499E+06
 Step=  7097  T= 6.701E+00  K.E.= 3.732E+04  T.E.= 2.222E+07
              Mx= 0.896E+05   My= 0.000E+00   Mz=-0.333E+06
 Step=  7150  T= 6.751E+00  K.E.= 5.097E+04  T.E.= 2.230E+07
              Mx= 0.163E+06   My= 0.000E+00   Mz= 0.187E+05
 Write output data
 Step=  7203  T= 6.801E+00  K.E.= 6.941E+04  T.E.= 2.224E+07
              Mx= 0.212E+06   My= 0.000E+00   Mz= 0.148E+06
 Step=  7256  T= 6.851E+00  K.E.= 1.626E+04  T.E.= 2.220E+07
              Mx= 0.216E+06   My= 0.000E+00   Mz=-0.169E+05
 Step=  7309  T= 6.901E+00  K.E.= 4.020E+04  T.E.= 2.227E+07
              Mx= 0.168E+06   My= 0.000E+00   Mz=-0.241E+06
 Step=  7362  T= 6.951E+00  K.E.= 5.806E+04  T.E.= 2.239E+07
              Mx= 0.692E+05   My= 0.000E+00   Mz=-0.179E+06
 Write output data
 Step=  7415  T= 7.001E+00  K.E.= 2.259E+04  T.E.= 2.240E+07
              Mx=-0.417E+05   My= 0.000E+00   Mz= 0.167E+06
 Step=  7468  T= 7.051E+00  K.E.= 6.205E+04  T.E.= 2.223E+07
              Mx=-0.139E+06   My= 0.000E+00   Mz= 0.487E+06
 Step=  7520  T= 7.100E+00  K.E.= 5.917E+04  T.E.= 2.199E+07
              Mx=-0.194E+06   My= 0.000E+00   Mz= 0.450E+06
 Step=  7573  T= 7.150E+00  K.E.= 1.508E+04  T.E.= 2.185E+07
              Mx=-0.197E+06   My= 0.000E+00   Mz= 0.807E+05
 Write output data
 Step=  7626  T= 7.200E+00  K.E.= 5.151E+04  T.E.= 2.190E+07
              Mx=-0.160E+06   My= 0.000E+00   Mz=-0.268E+06
 Step=  7679  T= 7.250E+00  K.E.= 3.921E+04  T.E.= 2.205E+07
              Mx=-0.817E+05   My= 0.000E+00   Mz=-0.295E+06
 Step=  7732  T= 7.300E+00  K.E.= 1.738E+04  T.E.= 2.214E+07
              Mx= 0.935E+04   My= 0.000E+00   Mz=-0.401E+05
 Step=  7785  T= 7.350E+00  K.E.= 6.656E+04  T.E.= 2.211E+07
              Mx= 0.938E+05   My= 0.000E+00   Mz= 0.129E+06
 Write output data
 Step=  7838  T= 7.400E+00  K.E.= 4.281E+04  T.E.= 2.207E+07
              Mx= 0.156E+06   My= 0.000E+00   Mz= 0.165E+04
 Step=  7891  T= 7.450E+00  K.E.= 2.599E+04  T.E.= 2.214E+07
              Mx= 0.194E+06   My= 0.000E+00   Mz=-0.311E+06
 Step=  7944  T= 7.500E+00  K.E.= 6.305E+04  T.E.= 2.233E+07
              Mx= 0.199E+06   My= 0.000E+00   Mz=-0.418E+06
 Step=  7997  T= 7.550E+00  K.E.= 2.475E+04  T.E.= 2.249E+07
              Mx= 0.162E+06   My= 0.000E+00   Mz=-0.165E+06
 Write output data
 Step=  8050  T= 7.600E+00  K.E.= 2.485E+04  T.E.= 2.247E+07
              Mx= 0.778E+05   My= 0.000E+00   Mz= 0.273E+06
 Step=  8103  T= 7.650E+00  K.E.= 6.338E+04  T.E.= 2.227E+07
              Mx=-0.167E+05   My= 0.000E+00   Mz= 0.472E+06
 Step=  8156  T= 7.701E+00  K.E.= 2.450E+04  T.E.= 2.206E+07
              Mx=-0.101E+06   My= 0.000E+00   Mz= 0.303E+06
 Step=  8209  T= 7.751E+00  K.E.= 3.675E+04  T.E.= 2.200E+07
              Mx=-0.147E+06   My= 0.000E+00   Mz=-0.532E+05
 Write output data
 Step=  8262  T= 7.801E+00  K.E.= 5.840E+04  T.E.= 2.207E+07
              Mx=-0.158E+06   My= 0.000E+00   Mz=-0.194E+06
 Step=  8315  T= 7.851E+00  K.E.= 1.138E+04  T.E.= 2.214E+07
              Mx=-0.144E+06   My= 0.000E+00   Mz=-0.335E+05
 Step=  8368  T= 7.901E+00  K.E.= 3.667E+04  T.E.= 2.210E+07
              Mx=-0.103E+06   My= 0.000E+00   Mz= 0.201E+06
 Step=  8421  T= 7.951E+00  K.E.= 5.203E+04  T.E.= 2.199E+07
              Mx=-0.376E+05   My= 0.000E+00   Mz= 0.160E+06
 Write output data
 Step=  8474  T= 8.001E+00  K.E.= 1.332E+04  T.E.= 2.198E+07
              Mx= 0.421E+05   My= 0.000E+00   Mz=-0.164E+06
 Step=  8527  T= 8.051E+00  K.E.= 5.031E+04  T.E.= 2.215E+07
              Mx= 0.117E+06   My= 0.000E+00   Mz=-0.456E+06
 Step=  8580  T= 8.101E+00  K.E.= 4.910E+04  T.E.= 2.237E+07
              Mx= 0.170E+06   My= 0.000E+00   Mz=-0.394E+06
 Step=  8633  T= 8.151E+00  K.E.= 1.178E+04  T.E.= 2.248E+07
              Mx= 0.187E+06   My= 0.000E+00   Mz=-0.183E+05
 Write output data
 Step=  8686  T= 8.201E+00  K.E.= 5.114E+04  T.E.= 2.240E+07
              Mx= 0.165E+06   My= 0.000E+00   Mz= 0.315E+06
 Step=  8738  T= 8.250E+00  K.E.= 3.784E+04  T.E.= 2.223E+07
              Mx= 0.105E+06   My= 0.000E+00   Mz= 0.327E+06
 Step=  8791  T= 8.300E+00  K.E.= 1.203E+04  T.E.= 2.213E+07
              Mx= 0.195E+05   My= 0.000E+00   Mz= 0.568E+05
 Step=  8844  T= 8.350E+00  K.E.= 5.674E+04  T.E.= 2.216E+07
              Mx=-0.738E+05   My= 0.000E+00   Mz=-0.152E+06
 Write output data
 Step=  8897  T= 8.400E+00  K.E.= 3.330E+04  T.E.= 2.223E+07
              Mx=-0.150E+06   My= 0.000E+00   Mz=-0.809E+05
 Step=  8950  T= 8.450E+00  K.E.= 1.824E+04  T.E.= 2.221E+07
              Mx=-0.185E+06   My= 0.000E+00   Mz= 0.193E+06
 Step=  9003  T= 8.500E+00  K.E.= 5.777E+04  T.E.= 2.207E+07
              Mx=-0.178E+06   My= 0.000E+00   Mz= 0.302E+06
 Step=  9056  T= 8.550E+00  K.E.= 2.219E+04  T.E.= 2.196E+07
              Mx=-0.130E+06   My= 0.000E+00   Mz= 0.995E+05
 Write output data
 Step=  9109  T= 8.600E+00  K.E.= 2.044E+04  T.E.= 2.200E+07
              Mx=-0.563E+05   My= 0.000E+00   Mz=-0.271E+06
 Step=  9162  T= 8.650E+00  K.E.= 5.605E+04  T.E.= 2.218E+07
              Mx= 0.290E+05   My= 0.000E+00   Mz=-0.410E+06
 Step=  9215  T= 8.700E+00  K.E.= 1.763E+04  T.E.= 2.235E+07
              Mx= 0.112E+06   My= 0.000E+00   Mz=-0.206E+06
 Step=  9268  T= 8.750E+00  K.E.= 3.163E+04  T.E.= 2.236E+07
              Mx= 0.173E+06   My= 0.000E+00   Mz= 0.147E+06
 Write output data
 Step=  9321  T= 8.800E+00  K.E.= 5.708E+04  T.E.= 2.225E+07
              Mx= 0.199E+06   My= 0.000E+00   Mz= 0.261E+06
 Step=  9374  T= 8.851E+00  K.E.= 1.274E+04  T.E.= 2.216E+07
              Mx= 0.180E+06   My= 0.000E+00   Mz= 0.692E+05
 Step=  9427  T= 8.901E+00  K.E.= 3.488E+04  T.E.= 2.219E+07
              Mx= 0.119E+06   My= 0.000E+00   Mz=-0.198E+06
 Step=  9480  T= 8.951E+00  K.E.= 4.740E+04  T.E.= 2.230E+07
              Mx= 0.221E+05   My= 0.000E+00   Mz=-0.202E+06
 Write output data
 Step=  9533  T= 9.001E+00  K.E.= 8.278E+03  T.E.= 2.235E+07
              Mx=-0.767E+05   My= 0.000E+00   Mz= 0.632E+05
 Step=  9586  T= 9.051E+00  K.E.= 4.413E+04  T.E.= 2.224E+07
              Mx=-0.154E+06   My= 0.000E+00   Mz= 0.325E+06
 Step=  9639  T= 9.101E+00  K.E.= 4.462E+04  T.E.= 2.208E+07
              Mx=-0.181E+06   My= 0.000E+00   Mz= 0.282E+06
 Step=  9692  T= 9.151E+00  K.E.= 9.250E+03  T.E.= 2.201E+07
              Mx=-0.162E+06   My= 0.000E+00   Mz=-0.382E+05
 Write output data
 Step=  9745  T= 9.201E+00  K.E.= 4.714E+04  T.E.= 2.211E+07
              Mx=-0.108E+06   My= 0.000E+00   Mz=-0.304E+06
 Step=  9798  T= 9.251E+00  K.E.= 3.242E+04  T.E.= 2.226E+07
              Mx=-0.375E+05   My= 0.000E+00   Mz=-0.252E+06
 Step=  9851  T= 9.301E+00  K.E.= 8.632E+03  T.E.= 2.231E+07
              Mx= 0.346E+05   My= 0.000E+00   Mz= 0.560E+05
 Step=  9904  T= 9.351E+00  K.E.= 5.229E+04  T.E.= 2.222E+07
              Mx= 0.107E+06   My= 0.000E+00   Mz= 0.255E+06
 Write output data
 Step=  9957  T= 9.401E+00  K.E.= 2.924E+04  T.E.= 2.211E+07
              Mx= 0.157E+06   My= 0.000E+00   Mz= 0.141E+06
 Step= 10009  T= 9.450E+00  K.E.= 1.649E+04  T.E.= 2.212E+07
              Mx= 0.180E+06   My= 0.000E+00   Mz=-0.175E+06
 Step= 10062  T= 9.500E+00  K.E.= 5.465E+04  T.E.= 2.225E+07
              Mx= 0.156E+06   My= 0.000E+00   Mz=-0.326E+06
 Step= 10115  T= 9.550E+00  K.E.= 1.946E+04  T.E.= 2.238E+07
              Mx= 0.878E+05   My= 0.000E+00   Mz=-0.154E+06
 Write output data
 Step= 10168  T= 9.600E+00  K.E.= 1.756E+04  T.E.= 2.238E+07
              Mx=-0.101E+04   My= 0.000E+00   Mz= 0.193E+06
 Step= 10221  T= 9.650E+00  K.E.= 5.214E+04  T.E.= 2.224E+07
              Mx=-0.746E+05   My= 0.000E+00   Mz= 0.325E+06
 Step= 10274  T= 9.700E+00  K.E.= 1.427E+04  T.E.= 2.211E+07
              Mx=-0.121E+06   My= 0.000E+00   Mz= 0.138E+06
 Step= 10327  T= 9.750E+00  K.E.= 2.731E+04  T.E.= 2.212E+07
              Mx=-0.137E+06   My= 0.000E+00   Mz=-0.181E+06
 Write output data
 Step= 10380  T= 9.800E+00  K.E.= 5.139E+04  T.E.= 2.224E+07
              Mx=-0.128E+06   My= 0.000E+00   Mz=-0.256E+06
 Step= 10433  T= 9.850E+00  K.E.= 8.532E+03  T.E.= 2.232E+07
              Mx=-0.933E+05   My= 0.000E+00   Mz=-0.270E+05
 Step= 10486  T= 9.900E+00  K.E.= 3.130E+04  T.E.= 2.226E+07
              Mx=-0.390E+05   My= 0.000E+00   Mz= 0.264E+06
 Step= 10539  T= 9.950E+00  K.E.= 4.408E+04  T.E.= 2.211E+07
              Mx= 0.252E+05   My= 0.000E+00   Mz= 0.271E+06
 Write output data
 Step= 10592  T= 1.000E+01  K.E.= 5.928E+03  T.E.= 2.204E+07
              Mx= 0.905E+05   My= 0.000E+00   Mz=-0.195E+05
 Step= 10645  T= 1.005E+01  K.E.= 4.079E+04  T.E.= 2.213E+07
              Mx= 0.130E+06   My= 0.000E+00   Mz=-0.316E+06
 Step= 10698  T= 1.010E+01  K.E.= 4.133E+04  T.E.= 2.230E+07
              Mx= 0.135E+06   My= 0.000E+00   Mz=-0.309E+06
 Step= 10751  T= 1.015E+01  K.E.= 7.263E+03  T.E.= 2.239E+07
              Mx= 0.109E+06   My= 0.000E+00   Mz=-0.117E+05
 Write output data
 Step= 10804  T= 1.020E+01  K.E.= 4.461E+04  T.E.= 2.232E+07
              Mx= 0.627E+05   My= 0.000E+00   Mz= 0.252E+06
 Step= 10857  T= 1.025E+01  K.E.= 3.049E+04  T.E.= 2.219E+07
              Mx= 0.102E+05   My= 0.000E+00   Mz= 0.215E+06
 Step= 10910  T= 1.030E+01  K.E.= 6.845E+03  T.E.= 2.215E+07
              Mx=-0.390E+05   My= 0.000E+00   Mz=-0.728E+05
 Step= 10963  T= 1.035E+01  K.E.= 4.911E+04  T.E.= 2.224E+07
              Mx=-0.802E+05   My= 0.000E+00   Mz=-0.259E+06
 Write output data
 Step= 11016  T= 1.040E+01  K.E.= 2.572E+04  T.E.= 2.235E+07
              Mx=-0.111E+06   My= 0.000E+00   Mz=-0.136E+06
 Step= 11069  T= 1.045E+01  K.E.= 1.376E+04  T.E.= 2.234E+07
              Mx=-0.120E+06   My= 0.000E+00   Mz= 0.190E+06
 Step= 11122  T= 1.050E+01  K.E.= 5.133E+04  T.E.= 2.220E+07
              Mx=-0.951E+05   My= 0.000E+00   Mz= 0.344E+06
 Step= 11175  T= 1.055E+01  K.E.= 1.654E+04  T.E.= 2.206E+07
              Mx=-0.434E+05   My= 0.000E+00   Mz= 0.170E+06
 Write output data
 Step= 11227  T= 1.060E+01  K.E.= 1.605E+04  T.E.= 2.206E+07
              Mx= 0.144E+05   My= 0.000E+00   Mz=-0.173E+06
 Step= 11280  T= 1.065E+01  K.E.= 5.012E+04  T.E.= 2.219E+07
              Mx= 0.641E+05   My= 0.000E+00   Mz=-0.320E+06
 Step= 11333  T= 1.070E+01  K.E.= 1.264E+04  T.E.= 2.232E+07
              Mx= 0.928E+05   My= 0.000E+00   Mz=-0.150E+06
 Step= 11386  T= 1.075E+01  K.E.= 2.530E+04  T.E.= 2.232E+07
              Mx= 0.979E+05   My= 0.000E+00   Mz= 0.158E+06
 Write output data
 Step= 11439  T= 1.080E+01  K.E.= 4.939E+04  T.E.= 2.221E+07
              Mx= 0.935E+05   My= 0.000E+00   Mz= 0.240E+06
 Step= 11492  T= 1.085E+01  K.E.= 7.693E+03  T.E.= 2.213E+07
              Mx= 0.729E+05   My= 0.000E+00   Mz= 0.285E+05
 Step= 11545  T= 1.090E+01  K.E.= 3.035E+04  T.E.= 2.219E+07
              Mx= 0.344E+05   My= 0.000E+00   Mz=-0.253E+06
 Step= 11598  T= 1.095E+01  K.E.= 4.308E+04  T.E.= 2.233E+07
              Mx=-0.205E+05   My= 0.000E+00   Mz=-0.268E+06
 Write output data
 Step= 11651  T= 1.100E+01  K.E.= 4.875E+03  T.E.= 2.241E+07
              Mx=-0.713E+05   My= 0.000E+00   Mz= 0.993E+04
 Step= 11704  T= 1.105E+01  K.E.= 3.844E+04  T.E.= 2.233E+07
              Mx=-0.101E+06   My= 0.000E+00   Mz= 0.298E+06
 Step= 11757  T= 1.110E+01  K.E.= 3.910E+04  T.E.= 2.217E+07
              Mx=-0.101E+06   My= 0.000E+00   Mz= 0.288E+06
 Step= 11810  T= 1.115E+01  K.E.= 5.860E+03  T.E.= 2.209E+07
              Mx=-0.738E+05   My= 0.000E+00   Mz=-0.284E+04
 Write output data
 Step= 11863  T= 1.120E+01  K.E.= 4.357E+04  T.E.= 2.216E+07
              Mx=-0.390E+05   My= 0.000E+00   Mz=-0.251E+06
 Step= 11916  T= 1.125E+01  K.E.= 3.030E+04  T.E.= 2.229E+07
              Mx=-0.369E+04   My= 0.000E+00   Mz=-0.198E+06
 Step= 11969  T= 1.130E+01  K.E.= 6.485E+03  T.E.= 2.232E+07
              Mx= 0.287E+05   My= 0.000E+00   Mz= 0.949E+05
 Step= 12022  T= 1.135E+01  K.E.= 4.752E+04  T.E.= 2.222E+07
              Mx= 0.633E+05   My= 0.000E+00   Mz= 0.281E+06
 Write output data
 Step= 12075  T= 1.140E+01  K.E.= 2.445E+04  T.E.= 2.210E+07
              Mx= 0.899E+05   My= 0.000E+00   Mz= 0.156E+06
 Step= 12128  T= 1.145E+01  K.E.= 1.259E+04  T.E.= 2.210E+07
              Mx= 0.947E+05   My= 0.000E+00   Mz=-0.175E+06
 Step= 12181  T= 1.150E+01  K.E.= 5.049E+04  T.E.= 2.224E+07
              Mx= 0.661E+05   My= 0.000E+00   Mz=-0.342E+06
 Step= 12234  T= 1.155E+01  K.E.= 1.672E+04  T.E.= 2.238E+07
              Mx= 0.251E+05   My= 0.000E+00   Mz=-0.188E+06
 Write output data
 Step= 12287  T= 1.160E+01  K.E.= 1.660E+04  T.E.= 2.240E+07
              Mx=-0.159E+05   My= 0.000E+00   Mz= 0.144E+06
 Step= 12340  T= 1.165E+01  K.E.= 4.873E+04  T.E.= 2.228E+07
              Mx=-0.442E+05   My= 0.000E+00   Mz= 0.284E+06
 Step= 12393  T= 1.170E+01  K.E.= 1.073E+04  T.E.= 2.217E+07
              Mx=-0.560E+05   My= 0.000E+00   Mz= 0.114E+06
 Step= 12446  T= 1.175E+01  K.E.= 2.463E+04  T.E.= 2.219E+07
              Mx=-0.563E+05   My= 0.000E+00   Mz=-0.179E+06
 Write output data
 Step= 12498  T= 1.180E+01  K.E.= 4.811E+04  T.E.= 2.230E+07
              Mx=-0.533E+05   My= 0.000E+00   Mz=-0.238E+06
 Step= 12551  T= 1.185E+01  K.E.= 7.588E+03  T.E.= 2.238E+07
              Mx=-0.486E+05   My= 0.000E+00   Mz=-0.244E+04
 Step= 12604  T= 1.190E+01  K.E.= 3.005E+04  T.E.= 2.230E+07
              Mx=-0.278E+05   My= 0.000E+00   Mz= 0.294E+06
 Step= 12657  T= 1.195E+01  K.E.= 4.249E+04  T.E.= 2.214E+07
              Mx= 0.707E+04   My= 0.000E+00   Mz= 0.308E+06
 Write output data
 Step= 12710  T= 1.200E+01  K.E.= 4.201E+03  T.E.= 2.205E+07
              Mx= 0.419E+05   My= 0.000E+00   Mz= 0.214E+05
 Step= 12763  T= 1.205E+01  K.E.= 3.695E+04  T.E.= 2.212E+07
              Mx= 0.599E+05   My= 0.000E+00   Mz=-0.285E+06
 Step= 12816  T= 1.210E+01  K.E.= 3.783E+04  T.E.= 2.228E+07
              Mx= 0.594E+05   My= 0.000E+00   Mz=-0.302E+06
 Step= 12869  T= 1.215E+01  K.E.= 5.594E+03  T.E.= 2.238E+07
              Mx= 0.423E+05   My= 0.000E+00   Mz=-0.369E+05
 Write output data
 Step= 12922  T= 1.220E+01  K.E.= 4.317E+04  T.E.= 2.233E+07
              Mx= 0.273E+05   My= 0.000E+00   Mz= 0.207E+06
 Step= 12975  T= 1.225E+01  K.E.= 3.012E+04  T.E.= 2.222E+07
              Mx= 0.178E+05   My= 0.000E+00   Mz= 0.167E+06
 Step= 13028  T= 1.230E+01  K.E.= 6.082E+03  T.E.= 2.221E+07
              Mx= 0.566E+04   My= 0.000E+00   Mz=-0.106E+06
 Step= 13081  T= 1.235E+01  K.E.= 4.608E+04  T.E.= 2.231E+07
              Mx=-0.137E+05   My= 0.000E+00   Mz=-0.278E+06
 Write output data
 Step= 13134  T= 1.240E+01  K.E.= 2.311E+04  T.E.= 2.243E+07
              Mx=-0.406E+05   My= 0.000E+00   Mz=-0.140E+06
 Step= 13187  T= 1.245E+01  K.E.= 1.186E+04  T.E.= 2.242E+07
              Mx=-0.560E+05   My= 0.000E+00   Mz= 0.202E+06
 Step= 13240  T= 1.250E+01  K.E.= 4.981E+04  T.E.= 2.227E+07
              Mx=-0.540E+05   My= 0.000E+00   Mz= 0.377E+06
 Step= 13293  T= 1.255E+01  K.E.= 1.673E+04  T.E.= 2.211E+07
              Mx=-0.324E+05   My= 0.000E+00   Mz= 0.219E+06
 Write output data
 Step= 13346  T= 1.260E+01  K.E.= 1.637E+04  T.E.= 2.209E+07
              Mx=-0.625E+04   My= 0.000E+00   Mz=-0.130E+06
 Step= 13399  T= 1.265E+01  K.E.= 4.775E+04  T.E.= 2.220E+07
              Mx= 0.912E+04   My= 0.000E+00   Mz=-0.294E+06
 Step= 13452  T= 1.270E+01  K.E.= 1.017E+04  T.E.= 2.232E+07
              Mx= 0.183E+05   My= 0.000E+00   Mz=-0.146E+06
 Step= 13505  T= 1.275E+01  K.E.= 2.395E+04  T.E.= 2.233E+07
              Mx= 0.261E+05   My= 0.000E+00   Mz= 0.137E+06
 Write output data
 Step= 13558  T= 1.280E+01  K.E.= 4.716E+04  T.E.= 2.223E+07
              Mx= 0.412E+05   My= 0.000E+00   Mz= 0.203E+06
 Step= 13611  T= 1.285E+01  K.E.= 7.305E+03  T.E.= 2.218E+07
              Mx= 0.537E+05   My= 0.000E+00   Mz=-0.130E+05
 Step= 13664  T= 1.290E+01  K.E.= 3.063E+04  T.E.= 2.226E+07
              Mx= 0.510E+05   My= 0.000E+00   Mz=-0.282E+06
 Step= 13717  T= 1.295E+01  K.E.= 4.116E+04  T.E.= 2.241E+07
              Mx= 0.266E+05   My= 0.000E+00   Mz=-0.279E+06
 Write output data
 Step= 13769  T= 1.300E+01  K.E.= 3.959E+03  T.E.= 2.249E+07
              Mx=-0.333E+04   My= 0.000E+00   Mz= 0.692E+04
 Step= 13822  T= 1.305E+01  K.E.= 3.617E+04  T.E.= 2.241E+07
              Mx=-0.285E+05   My= 0.000E+00   Mz= 0.312E+06
 Step= 13875  T= 1.310E+01  K.E.= 3.722E+04  T.E.= 2.224E+07
              Mx=-0.380E+05   My= 0.000E+00   Mz= 0.319E+06
 Step= 13928  T= 1.315E+01  K.E.= 5.342E+03  T.E.= 2.214E+07
              Mx=-0.343E+05   My= 0.000E+00   Mz= 0.347E+05
 Write output data
 Step= 13981  T= 1.320E+01  K.E.= 4.231E+04  T.E.= 2.220E+07
              Mx=-0.296E+05   My= 0.000E+00   Mz=-0.227E+06
 Step= 14034  T= 1.325E+01  K.E.= 2.960E+04  T.E.= 2.232E+07
              Mx=-0.264E+05   My= 0.000E+00   Mz=-0.199E+06
 Step= 14087  T= 1.330E+01  K.E.= 6.034E+03  T.E.= 2.236E+07
              Mx=-0.224E+05   My= 0.000E+00   Mz= 0.735E+05
 Step= 14140  T= 1.335E+01  K.E.= 4.539E+04  T.E.= 2.227E+07
              Mx=-0.520E+04   My= 0.000E+00   Mz= 0.255E+06
 Write output data
 Step= 14193  T= 1.340E+01  K.E.= 2.282E+04  T.E.= 2.216E+07
              Mx= 0.182E+05   My= 0.000E+00   Mz= 0.135E+06
 Step= 14246  T= 1.345E+01  K.E.= 1.140E+04  T.E.= 2.218E+07
              Mx= 0.401E+05   My= 0.000E+00   Mz=-0.184E+06
 Step= 14299  T= 1.350E+01  K.E.= 4.878E+04  T.E.= 2.232E+07
              Mx= 0.499E+05   My= 0.000E+00   Mz=-0.347E+06
 Step= 14352  T= 1.355E+01  K.E.= 1.641E+04  T.E.= 2.247E+07
              Mx= 0.432E+05   My= 0.000E+00   Mz=-0.184E+06
 Write output data
 Step= 14405  T= 1.360E+01  K.E.= 1.620E+04  T.E.= 2.248E+07
              Mx= 0.298E+05   My= 0.000E+00   Mz= 0.157E+06
 Step= 14458  T= 1.365E+01  K.E.= 4.728E+04  T.E.= 2.235E+07
              Mx= 0.190E+05   My= 0.000E+00   Mz= 0.308E+06
 Step= 14511  T= 1.370E+01  K.E.= 1.017E+04  T.E.= 2.223E+07
              Mx= 0.960E+04   My= 0.000E+00   Mz= 0.142E+06
 Step= 14564  T= 1.375E+01  K.E.= 2.335E+04  T.E.= 2.224E+07
              Mx=-0.986E+03   My= 0.000E+00   Mz=-0.159E+06
 Write output data
 Step= 14617  T= 1.380E+01  K.E.= 4.595E+04  T.E.= 2.235E+07
              Mx=-0.204E+05   My= 0.000E+00   Mz=-0.240E+06
 Step= 14670  T= 1.385E+01  K.E.= 6.758E+03  T.E.= 2.243E+07
              Mx=-0.432E+05   My= 0.000E+00   Mz=-0.238E+05
 Step= 14723  T= 1.390E+01  K.E.= 2.984E+04  T.E.= 2.237E+07
              Mx=-0.502E+05   My= 0.000E+00   Mz= 0.260E+06
 Step= 14776  T= 1.395E+01  K.E.= 4.052E+04  T.E.= 2.223E+07
              Mx=-0.404E+05   My= 0.000E+00   Mz= 0.275E+06
 Write output data
 Step= 14829  T= 1.400E+01  K.E.= 3.819E+03  T.E.= 2.215E+07
              Mx=-0.155E+05   My= 0.000E+00   Mz=-0.300E+04
 Step= 14882  T= 1.405E+01  K.E.= 3.633E+04  T.E.= 2.224E+07
              Mx= 0.105E+05   My= 0.000E+00   Mz=-0.292E+06
 Step= 14935  T= 1.410E+01  K.E.= 3.551E+04  T.E.= 2.239E+07
              Mx= 0.280E+05   My= 0.000E+00   Mz=-0.288E+06
 Step= 14987  T= 1.415E+01  K.E.= 4.881E+03  T.E.= 2.248E+07
              Mx= 0.358E+05   My= 0.000E+00   Mz=-0.106E+05
 Write output data
 Step= 15040  T= 1.420E+01  K.E.= 4.153E+04  T.E.= 2.242E+07
              Mx= 0.431E+05   My= 0.000E+00   Mz= 0.243E+06
 Step= 15093  T= 1.425E+01  K.E.= 2.934E+04  T.E.= 2.230E+07
              Mx= 0.530E+05   My= 0.000E+00   Mz= 0.201E+06
 Step= 15146  T= 1.430E+01  K.E.= 6.260E+03  T.E.= 2.226E+07
              Mx= 0.513E+05   My= 0.000E+00   Mz=-0.808E+05
 Step= 15199  T= 1.435E+01  K.E.= 4.499E+04  T.E.= 2.236E+07
              Mx= 0.308E+05   My= 0.000E+00   Mz=-0.273E+06
 Write output data
 Step= 15252  T= 1.440E+01  K.E.= 2.244E+04  T.E.= 2.248E+07
              Mx=-0.314E+04   My= 0.000E+00   Mz=-0.158E+06
 Step= 15305  T= 1.445E+01  K.E.= 1.090E+04  T.E.= 2.249E+07
              Mx=-0.357E+05   My= 0.000E+00   Mz= 0.164E+06
 Step= 15358  T= 1.450E+01  K.E.= 4.753E+04  T.E.= 2.236E+07
              Mx=-0.539E+05   My= 0.000E+00   Mz= 0.335E+06
 Step= 15411  T= 1.455E+01  K.E.= 1.565E+04  T.E.= 2.222E+07
              Mx=-0.464E+05   My= 0.000E+00   Mz= 0.178E+06
 Write output data
 Step= 15464  T= 1.460E+01  K.E.= 1.578E+04  T.E.= 2.222E+07
              Mx=-0.257E+05   My= 0.000E+00   Mz=-0.156E+06
 Step= 15517  T= 1.465E+01  K.E.= 4.645E+04  T.E.= 2.234E+07
              Mx=-0.496E+04   My= 0.000E+00   Mz=-0.302E+06
 Step= 15570  T= 1.470E+01  K.E.= 9.843E+03  T.E.= 2.246E+07
              Mx= 0.939E+04   My= 0.000E+00   Mz=-0.128E+06
 Step= 15623  T= 1.475E+01  K.E.= 2.276E+04  T.E.= 2.245E+07
              Mx= 0.241E+05   My= 0.000E+00   Mz= 0.172E+06
 Write output data
 Step= 15676  T= 1.480E+01  K.E.= 4.478E+04  T.E.= 2.234E+07
              Mx= 0.419E+05   My= 0.000E+00   Mz= 0.246E+06
 Step= 15729  T= 1.485E+01  K.E.= 6.375E+03  T.E.= 2.227E+07
              Mx= 0.495E+05   My= 0.000E+00   Mz= 0.218E+05
 Step= 15782  T= 1.490E+01  K.E.= 2.946E+04  T.E.= 2.233E+07
              Mx= 0.458E+05   My= 0.000E+00   Mz=-0.262E+06
 Step= 15835  T= 1.495E+01  K.E.= 4.004E+04  T.E.= 2.248E+07
              Mx= 0.290E+05   My= 0.000E+00   Mz=-0.278E+06
 Write output data
 Step= 15888  T= 1.500E+01  K.E.= 3.947E+03  T.E.= 2.256E+07
              Mx= 0.382E+04   My= 0.000E+00   Mz=-0.696E+03
 
** Total CPU Time is     202.7500 seconds (    3 minutes 22.7500 seconds)
** Elapsed time is       212.7344 seconds (    3 minutes 32.7344 seconds)
** Time per particle cycle:     649.7558 nanoseconds
** Total elasped time :     213.7148 seconds
