Number of components =            1
Number of bodies =            4
Number of particles =        27000
Number of material sets  =            2
Material:
1 hiex 1.63d-3 6930
2 sjc 8.9d-3 117.0d3 0.31d0 90 392 0.5 0.0 1d-3
the effective number of material           2
Grid mass CutOff value:   0.0000E+00
DTScale =      0.200
MUSL method is used 
 
Number of grid     17576
cells (x,y,z)   25  25  25
 
     --- body  1 ---
                    mass:  0.1630E+01
          kinetic energy:  0.0000E+00
         internal energy:  0.6000E+07
     --- body  2 ---
                    mass:  0.6675E+01
          kinetic energy:  0.0000E+00
         internal energy:  0.0000E+00
     --- body  3 ---
                    mass:  0.4450E+01
          kinetic energy:  0.0000E+00
         internal energy:  0.0000E+00
     --- body  4 ---
                    mass:  0.1001E+02
          kinetic energy:  0.0000E+00
         internal energy:  0.0000E+00
       --- total ---
              total mass:  0.2277E+02
    total kinetic energy:  0.0000E+00
   total internal energy:  0.6000E+07
 
DT =  0.289E-04
 Step=     1  T= 2.886E-05  K.E.= 0.000E+00  T.E.= 6.000E+06
              Mx= 0.000E+00   My= 0.000E+00   Mz= 0.000E+00
 Step=     2  T= 5.772E-05  K.E.= 0.000E+00  T.E.= 6.000E+06
              Mx= 0.000E+00   My= 0.000E+00   Mz= 0.000E+00
 Step=     4  T= 1.154E-04  K.E.= 3.963E-01  T.E.= 6.000E+06
              Mx= 0.297E-01   My= 0.297E-01   Mz= 0.297E-01
 Step=     6  T= 1.732E-04  K.E.= 1.134E+01  T.E.= 6.000E+06
              Mx= 0.178E+00   My= 0.178E+00   Mz= 0.178E+00
 Step=     7  T= 2.020E-04  K.E.= 4.460E+01  T.E.= 6.000E+06
              Mx= 0.384E+00   My= 0.384E+00   Mz= 0.384E+00
 Step=     9  T= 2.597E-04  K.E.= 2.222E+02  T.E.= 6.000E+06
              Mx= 0.108E+01   My= 0.108E+01   Mz= 0.108E+01
 Write output data
 Step=    11  T= 3.175E-04  K.E.= 6.177E+02  T.E.= 6.000E+06
              Mx= 0.231E+01   My= 0.231E+01   Mz= 0.231E+01
 Step=    13  T= 3.752E-04  K.E.= 1.340E+03  T.E.= 6.000E+06
              Mx= 0.410E+01   My= 0.410E+01   Mz= 0.410E+01
 Step=    14  T= 4.040E-04  K.E.= 1.840E+03  T.E.= 6.000E+06
              Mx= 0.527E+01   My= 0.527E+01   Mz= 0.527E+01
 Step=    16  T= 4.618E-04  K.E.= 3.146E+03  T.E.= 6.000E+06
              Mx= 0.807E+01   My= 0.807E+01   Mz= 0.807E+01
 Step=    18  T= 5.195E-04  K.E.= 4.934E+03  T.E.= 6.000E+06
              Mx= 0.117E+02   My= 0.117E+02   Mz= 0.117E+02
 Step=    20  T= 5.772E-04  K.E.= 7.265E+03  T.E.= 5.999E+06
              Mx= 0.162E+02   My= 0.162E+02   Mz= 0.162E+02
 Write output data
 Step=    21  T= 6.061E-04  K.E.= 8.641E+03  T.E.= 5.999E+06
              Mx= 0.189E+02   My= 0.189E+02   Mz= 0.189E+02
 Step=    23  T= 6.638E-04  K.E.= 1.201E+04  T.E.= 5.999E+06
              Mx= 0.251E+02   My= 0.251E+02   Mz= 0.251E+02
 Step=    25  T= 7.215E-04  K.E.= 1.627E+04  T.E.= 5.999E+06
              Mx= 0.323E+02   My= 0.323E+02   Mz= 0.323E+02
 Step=    26  T= 7.504E-04  K.E.= 1.861E+04  T.E.= 5.999E+06
              Mx= 0.365E+02   My= 0.365E+02   Mz= 0.365E+02
 Step=    28  T= 8.081E-04  K.E.= 2.415E+04  T.E.= 5.999E+06
              Mx= 0.458E+02   My= 0.458E+02   Mz= 0.458E+02
 Step=    30  T= 8.658E-04  K.E.= 3.070E+04  T.E.= 5.999E+06
              Mx= 0.566E+02   My= 0.566E+02   Mz= 0.566E+02
 Write output data
 Step=    32  T= 9.235E-04  K.E.= 3.826E+04  T.E.= 5.999E+06
              Mx= 0.690E+02   My= 0.690E+02   Mz= 0.690E+02
 Step=    33  T= 9.524E-04  K.E.= 4.257E+04  T.E.= 5.998E+06
              Mx= 0.759E+02   My= 0.759E+02   Mz= 0.759E+02
 Step=    35  T= 1.010E-03  K.E.= 5.212E+04  T.E.= 5.998E+06
              Mx= 0.909E+02   My= 0.909E+02   Mz= 0.909E+02
 Step=    37  T= 1.068E-03  K.E.= 6.288E+04  T.E.= 5.998E+06
              Mx= 0.108E+03   My= 0.108E+03   Mz= 0.108E+03
 Step=    39  T= 1.126E-03  K.E.= 7.526E+04  T.E.= 5.998E+06
              Mx= 0.127E+03   My= 0.127E+03   Mz= 0.127E+03
 Step=    40  T= 1.154E-03  K.E.= 8.211E+04  T.E.= 5.998E+06
              Mx= 0.137E+03   My= 0.137E+03   Mz= 0.137E+03
 Write output data
 Step=    42  T= 1.212E-03  K.E.= 9.735E+04  T.E.= 5.997E+06
              Mx= 0.159E+03   My= 0.159E+03   Mz= 0.159E+03
 Step=    44  T= 1.270E-03  K.E.= 1.148E+05  T.E.= 5.997E+06
              Mx= 0.183E+03   My= 0.183E+03   Mz= 0.183E+03
 Step=    46  T= 1.328E-03  K.E.= 1.341E+05  T.E.= 5.997E+06
              Mx= 0.210E+03   My= 0.210E+03   Mz= 0.210E+03
 Step=    47  T= 1.356E-03  K.E.= 1.446E+05  T.E.= 5.997E+06
              Mx= 0.224E+03   My= 0.224E+03   Mz= 0.224E+03
 Step=    49  T= 1.414E-03  K.E.= 1.665E+05  T.E.= 5.997E+06
              Mx= 0.254E+03   My= 0.254E+03   Mz= 0.254E+03
 Step=    51  T= 1.472E-03  K.E.= 1.890E+05  T.E.= 5.997E+06
              Mx= 0.287E+03   My= 0.287E+03   Mz= 0.287E+03
 Write output data
 Step=    52  T= 1.501E-03  K.E.= 1.997E+05  T.E.= 5.997E+06
              Mx= 0.305E+03   My= 0.305E+03   Mz= 0.305E+03
 Step=    54  T= 1.558E-03  K.E.= 2.198E+05  T.E.= 5.997E+06
              Mx= 0.341E+03   My= 0.341E+03   Mz= 0.341E+03
 Step=    56  T= 1.616E-03  K.E.= 2.390E+05  T.E.= 5.998E+06
              Mx= 0.380E+03   My= 0.380E+03   Mz= 0.380E+03
 Step=    58  T= 1.674E-03  K.E.= 2.557E+05  T.E.= 5.998E+06
              Mx= 0.421E+03   My= 0.421E+03   Mz= 0.421E+03
 Step=    59  T= 1.703E-03  K.E.= 2.634E+05  T.E.= 5.998E+06
              Mx= 0.442E+03   My= 0.442E+03   Mz= 0.442E+03
 Step=    61  T= 1.760E-03  K.E.= 2.780E+05  T.E.= 5.997E+06
              Mx= 0.486E+03   My= 0.486E+03   Mz= 0.486E+03
 Write output data
 Step=    63  T= 1.818E-03  K.E.= 2.936E+05  T.E.= 5.997E+06
              Mx= 0.532E+03   My= 0.532E+03   Mz= 0.532E+03
 Step=    65  T= 1.876E-03  K.E.= 3.118E+05  T.E.= 5.996E+06
              Mx= 0.580E+03   My= 0.580E+03   Mz= 0.580E+03
 Step=    66  T= 1.905E-03  K.E.= 3.224E+05  T.E.= 5.995E+06
              Mx= 0.605E+03   My= 0.605E+03   Mz= 0.605E+03
 Step=    68  T= 1.962E-03  K.E.= 3.451E+05  T.E.= 5.994E+06
              Mx= 0.657E+03   My= 0.657E+03   Mz= 0.657E+03
 Step=    70  T= 2.020E-03  K.E.= 3.672E+05  T.E.= 5.994E+06
              Mx= 0.710E+03   My= 0.710E+03   Mz= 0.710E+03
 Step=    72  T= 2.078E-03  K.E.= 3.874E+05  T.E.= 5.993E+06
              Mx= 0.766E+03   My= 0.766E+03   Mz= 0.766E+03
 Write output data
 Step=    73  T= 2.107E-03  K.E.= 3.974E+05  T.E.= 5.993E+06
              Mx= 0.795E+03   My= 0.795E+03   Mz= 0.795E+03
 Step=    75  T= 2.165E-03  K.E.= 4.168E+05  T.E.= 5.992E+06
              Mx= 0.854E+03   My= 0.854E+03   Mz= 0.854E+03
 Step=    77  T= 2.222E-03  K.E.= 4.367E+05  T.E.= 5.990E+06
              Mx= 0.915E+03   My= 0.915E+03   Mz= 0.915E+03
 Step=    78  T= 2.251E-03  K.E.= 4.472E+05  T.E.= 5.990E+06
              Mx= 0.946E+03   My= 0.946E+03   Mz= 0.946E+03
 Step=    80  T= 2.309E-03  K.E.= 4.695E+05  T.E.= 5.988E+06
              Mx= 0.101E+04   My= 0.101E+04   Mz= 0.101E+04
 Step=    82  T= 2.367E-03  K.E.= 4.928E+05  T.E.= 5.987E+06
              Mx= 0.107E+04   My= 0.107E+04   Mz= 0.107E+04
 Write output data
 Step=    84  T= 2.424E-03  K.E.= 5.166E+05  T.E.= 5.985E+06
              Mx= 0.114E+04   My= 0.114E+04   Mz= 0.114E+04
 Step=    85  T= 2.453E-03  K.E.= 5.291E+05  T.E.= 5.984E+06
              Mx= 0.117E+04   My= 0.117E+04   Mz= 0.117E+04
 Step=    87  T= 2.511E-03  K.E.= 5.558E+05  T.E.= 5.983E+06
              Mx= 0.124E+04   My= 0.124E+04   Mz= 0.124E+04
 Step=    89  T= 2.569E-03  K.E.= 5.833E+05  T.E.= 5.981E+06
              Mx= 0.130E+04   My= 0.130E+04   Mz= 0.130E+04
 Step=    91  T= 2.626E-03  K.E.= 6.106E+05  T.E.= 5.979E+06
              Mx= 0.137E+04   My= 0.137E+04   Mz= 0.137E+04
 Step=    92  T= 2.655E-03  K.E.= 6.230E+05  T.E.= 5.979E+06
              Mx= 0.140E+04   My= 0.140E+04   Mz= 0.140E+04
 Write output data
 Step=    94  T= 2.713E-03  K.E.= 6.470E+05  T.E.= 5.977E+06
              Mx= 0.147E+04   My= 0.147E+04   Mz= 0.147E+04
 Step=    96  T= 2.771E-03  K.E.= 6.711E+05  T.E.= 5.976E+06
              Mx= 0.153E+04   My= 0.153E+04   Mz= 0.153E+04
 Step=    98  T= 2.828E-03  K.E.= 6.942E+05  T.E.= 5.975E+06
              Mx= 0.159E+04   My= 0.159E+04   Mz= 0.159E+04
 Step=    99  T= 2.857E-03  K.E.= 7.057E+05  T.E.= 5.974E+06
              Mx= 0.162E+04   My= 0.162E+04   Mz= 0.162E+04
 Step=   101  T= 2.915E-03  K.E.= 7.278E+05  T.E.= 5.973E+06
              Mx= 0.168E+04   My= 0.168E+04   Mz= 0.168E+04
 Step=   103  T= 2.973E-03  K.E.= 7.486E+05  T.E.= 5.972E+06
              Mx= 0.174E+04   My= 0.174E+04   Mz= 0.174E+04
 Write output data
 Step=   104  T= 3.001E-03  K.E.= 7.587E+05  T.E.= 5.971E+06
              Mx= 0.177E+04   My= 0.177E+04   Mz= 0.177E+04
 Step=   106  T= 3.059E-03  K.E.= 7.804E+05  T.E.= 5.969E+06
              Mx= 0.183E+04   My= 0.183E+04   Mz= 0.183E+04
 Step=   108  T= 3.117E-03  K.E.= 8.044E+05  T.E.= 5.967E+06
              Mx= 0.188E+04   My= 0.188E+04   Mz= 0.188E+04
 Step=   110  T= 3.175E-03  K.E.= 8.322E+05  T.E.= 5.965E+06
              Mx= 0.193E+04   My= 0.193E+04   Mz= 0.193E+04
 Step=   111  T= 3.203E-03  K.E.= 8.485E+05  T.E.= 5.964E+06
              Mx= 0.196E+04   My= 0.196E+04   Mz= 0.196E+04
 Step=   113  T= 3.261E-03  K.E.= 8.853E+05  T.E.= 5.962E+06
              Mx= 0.201E+04   My= 0.201E+04   Mz= 0.201E+04
 Write output data
 Step=   115  T= 3.319E-03  K.E.= 9.273E+05  T.E.= 5.960E+06
              Mx= 0.206E+04   My= 0.206E+04   Mz= 0.206E+04
 Step=   117  T= 3.377E-03  K.E.= 9.713E+05  T.E.= 5.959E+06
              Mx= 0.210E+04   My= 0.210E+04   Mz= 0.210E+04
 Step=   118  T= 3.405E-03  K.E.= 9.933E+05  T.E.= 5.959E+06
              Mx= 0.213E+04   My= 0.213E+04   Mz= 0.213E+04
 Step=   120  T= 3.463E-03  K.E.= 1.036E+06  T.E.= 5.959E+06
              Mx= 0.217E+04   My= 0.217E+04   Mz= 0.217E+04
 Step=   122  T= 3.521E-03  K.E.= 1.077E+06  T.E.= 5.959E+06
              Mx= 0.221E+04   My= 0.221E+04   Mz= 0.221E+04
 Step=   124  T= 3.579E-03  K.E.= 1.116E+06  T.E.= 5.960E+06
              Mx= 0.225E+04   My= 0.225E+04   Mz= 0.225E+04
 Write output data
 Step=   125  T= 3.608E-03  K.E.= 1.135E+06  T.E.= 5.960E+06
              Mx= 0.227E+04   My= 0.227E+04   Mz= 0.227E+04
 Step=   127  T= 3.665E-03  K.E.= 1.169E+06  T.E.= 5.961E+06
              Mx= 0.231E+04   My= 0.231E+04   Mz= 0.231E+04
 Step=   129  T= 3.723E-03  K.E.= 1.199E+06  T.E.= 5.962E+06
              Mx= 0.234E+04   My= 0.234E+04   Mz= 0.234E+04
 Step=   130  T= 3.752E-03  K.E.= 1.213E+06  T.E.= 5.962E+06
              Mx= 0.236E+04   My= 0.236E+04   Mz= 0.236E+04
 Step=   132  T= 3.810E-03  K.E.= 1.237E+06  T.E.= 5.963E+06
              Mx= 0.239E+04   My= 0.239E+04   Mz= 0.239E+04
 Step=   134  T= 3.867E-03  K.E.= 1.259E+06  T.E.= 5.963E+06
              Mx= 0.242E+04   My= 0.242E+04   Mz= 0.242E+04
 Write output data
 Step=   136  T= 3.925E-03  K.E.= 1.281E+06  T.E.= 5.963E+06
              Mx= 0.245E+04   My= 0.245E+04   Mz= 0.245E+04
 Step=   137  T= 3.954E-03  K.E.= 1.291E+06  T.E.= 5.963E+06
              Mx= 0.246E+04   My= 0.246E+04   Mz= 0.246E+04
 Step=   139  T= 4.012E-03  K.E.= 1.312E+06  T.E.= 5.963E+06
              Mx= 0.248E+04   My= 0.248E+04   Mz= 0.248E+04
 Step=   141  T= 4.069E-03  K.E.= 1.333E+06  T.E.= 5.962E+06
              Mx= 0.251E+04   My= 0.251E+04   Mz= 0.251E+04
 Step=   143  T= 4.127E-03  K.E.= 1.357E+06  T.E.= 5.961E+06
              Mx= 0.253E+04   My= 0.253E+04   Mz= 0.253E+04
 Step=   144  T= 4.156E-03  K.E.= 1.371E+06  T.E.= 5.961E+06
              Mx= 0.254E+04   My= 0.254E+04   Mz= 0.254E+04
 Write output data
 Step=   146  T= 4.214E-03  K.E.= 1.401E+06  T.E.= 5.960E+06
              Mx= 0.256E+04   My= 0.256E+04   Mz= 0.256E+04
 Step=   148  T= 4.271E-03  K.E.= 1.435E+06  T.E.= 5.960E+06
              Mx= 0.257E+04   My= 0.257E+04   Mz= 0.257E+04
 Step=   149  T= 4.300E-03  K.E.= 1.452E+06  T.E.= 5.960E+06
              Mx= 0.258E+04   My= 0.258E+04   Mz= 0.258E+04
 Step=   151  T= 4.358E-03  K.E.= 1.486E+06  T.E.= 5.961E+06
              Mx= 0.260E+04   My= 0.260E+04   Mz= 0.260E+04
 Step=   153  T= 4.416E-03  K.E.= 1.519E+06  T.E.= 5.961E+06
              Mx= 0.261E+04   My= 0.261E+04   Mz= 0.261E+04
 Step=   155  T= 4.473E-03  K.E.= 1.550E+06  T.E.= 5.962E+06
              Mx= 0.263E+04   My= 0.263E+04   Mz= 0.263E+04
 Write output data
 Step=   156  T= 4.502E-03  K.E.= 1.565E+06  T.E.= 5.962E+06
              Mx= 0.264E+04   My= 0.264E+04   Mz= 0.264E+04
 Step=   158  T= 4.560E-03  K.E.= 1.595E+06  T.E.= 5.963E+06
              Mx= 0.265E+04   My= 0.265E+04   Mz= 0.265E+04
 Step=   160  T= 4.618E-03  K.E.= 1.623E+06  T.E.= 5.964E+06
              Mx= 0.267E+04   My= 0.267E+04   Mz= 0.267E+04
 Step=   162  T= 4.675E-03  K.E.= 1.650E+06  T.E.= 5.964E+06
              Mx= 0.268E+04   My= 0.268E+04   Mz= 0.268E+04
 Step=   163  T= 4.704E-03  K.E.= 1.662E+06  T.E.= 5.965E+06
              Mx= 0.269E+04   My= 0.269E+04   Mz= 0.269E+04
 Step=   165  T= 4.762E-03  K.E.= 1.685E+06  T.E.= 5.965E+06
              Mx= 0.271E+04   My= 0.271E+04   Mz= 0.271E+04
 Write output data
 Step=   167  T= 4.820E-03  K.E.= 1.707E+06  T.E.= 5.966E+06
              Mx= 0.274E+04   My= 0.274E+04   Mz= 0.274E+04
 Step=   169  T= 4.877E-03  K.E.= 1.728E+06  T.E.= 5.966E+06
              Mx= 0.276E+04   My= 0.276E+04   Mz= 0.276E+04
 Step=   170  T= 4.906E-03  K.E.= 1.738E+06  T.E.= 5.966E+06
              Mx= 0.278E+04   My= 0.278E+04   Mz= 0.278E+04
 Step=   172  T= 4.964E-03  K.E.= 1.758E+06  T.E.= 5.967E+06
              Mx= 0.281E+04   My= 0.281E+04   Mz= 0.281E+04
 Step=   174  T= 5.022E-03  K.E.= 1.778E+06  T.E.= 5.967E+06
              Mx= 0.284E+04   My= 0.284E+04   Mz= 0.284E+04
 Step=   175  T= 5.051E-03  K.E.= 1.788E+06  T.E.= 5.967E+06
              Mx= 0.286E+04   My= 0.286E+04   Mz= 0.286E+04
 Write output data
 Step=   177  T= 5.108E-03  K.E.= 1.808E+06  T.E.= 5.967E+06
              Mx= 0.289E+04   My= 0.289E+04   Mz= 0.289E+04
 Step=   179  T= 5.166E-03  K.E.= 1.830E+06  T.E.= 5.966E+06
              Mx= 0.293E+04   My= 0.293E+04   Mz= 0.293E+04
 Step=   181  T= 5.224E-03  K.E.= 1.853E+06  T.E.= 5.966E+06
              Mx= 0.298E+04   My= 0.298E+04   Mz= 0.298E+04
 Step=   182  T= 5.253E-03  K.E.= 1.865E+06  T.E.= 5.966E+06
              Mx= 0.300E+04   My= 0.300E+04   Mz= 0.300E+04
 Step=   184  T= 5.310E-03  K.E.= 1.888E+06  T.E.= 5.966E+06
              Mx= 0.304E+04   My= 0.304E+04   Mz= 0.304E+04
 Step=   186  T= 5.368E-03  K.E.= 1.911E+06  T.E.= 5.966E+06
              Mx= 0.309E+04   My= 0.309E+04   Mz= 0.309E+04
 Write output data
 Step=   188  T= 5.426E-03  K.E.= 1.934E+06  T.E.= 5.965E+06
              Mx= 0.314E+04   My= 0.314E+04   Mz= 0.314E+04
 Step=   189  T= 5.455E-03  K.E.= 1.946E+06  T.E.= 5.965E+06
              Mx= 0.317E+04   My= 0.317E+04   Mz= 0.317E+04
 Step=   191  T= 5.512E-03  K.E.= 1.971E+06  T.E.= 5.964E+06
              Mx= 0.322E+04   My= 0.322E+04   Mz= 0.322E+04
 Step=   193  T= 5.570E-03  K.E.= 1.997E+06  T.E.= 5.964E+06
              Mx= 0.327E+04   My= 0.327E+04   Mz= 0.327E+04
 Step=   195  T= 5.628E-03  K.E.= 2.024E+06  T.E.= 5.963E+06
              Mx= 0.332E+04   My= 0.332E+04   Mz= 0.332E+04
 Step=   196  T= 5.657E-03  K.E.= 2.038E+06  T.E.= 5.962E+06
              Mx= 0.334E+04   My= 0.334E+04   Mz= 0.334E+04
 Write output data
 Step=   198  T= 5.714E-03  K.E.= 2.067E+06  T.E.= 5.962E+06
              Mx= 0.339E+04   My= 0.339E+04   Mz= 0.339E+04
 Step=   200  T= 5.772E-03  K.E.= 2.097E+06  T.E.= 5.961E+06
              Mx= 0.344E+04   My= 0.344E+04   Mz= 0.344E+04
 Step=   201  T= 5.801E-03  K.E.= 2.112E+06  T.E.= 5.961E+06
              Mx= 0.347E+04   My= 0.347E+04   Mz= 0.347E+04
 Step=   203  T= 5.859E-03  K.E.= 2.141E+06  T.E.= 5.961E+06
              Mx= 0.352E+04   My= 0.352E+04   Mz= 0.352E+04
 Step=   205  T= 5.916E-03  K.E.= 2.168E+06  T.E.= 5.962E+06
              Mx= 0.356E+04   My= 0.356E+04   Mz= 0.356E+04
 Step=   207  T= 5.974E-03  K.E.= 2.190E+06  T.E.= 5.963E+06
              Mx= 0.361E+04   My= 0.361E+04   Mz= 0.361E+04
 Write output data
 Step=   208  T= 6.003E-03  K.E.= 2.198E+06  T.E.= 5.963E+06
              Mx= 0.363E+04   My= 0.363E+04   Mz= 0.363E+04
 
** Total CPU Time is       5.1875 seconds (    0 minutes  5.1875 seconds)
** Elapsed time is         5.7031 seconds (    0 minutes  5.7031 seconds)
** Time per particle cycle:     923.7001 nanoseconds
** Total elasped time :       5.8867 seconds
